Archive member included to satisfy reference by file (symbol)

c:/gnu_arm_embedded/bin/../lib/gcc/arm-none-eabi/10.3.1/../../../../arm-none-eabi/lib/thumb/v7e-m+fp/hard\libc_nano.a(lib_a-exit.o)
                              c:/gnu_arm_embedded/bin/../lib/gcc/arm-none-eabi/10.3.1/../../../../arm-none-eabi/lib/thumb/v7e-m+fp/hard/crt0.o (exit)
c:/gnu_arm_embedded/bin/../lib/gcc/arm-none-eabi/10.3.1/../../../../arm-none-eabi/lib/thumb/v7e-m+fp/hard\libc_nano.a(lib_a-impure.o)
                              c:/gnu_arm_embedded/bin/../lib/gcc/arm-none-eabi/10.3.1/../../../../arm-none-eabi/lib/thumb/v7e-m+fp/hard\libc_nano.a(lib_a-exit.o) (_global_impure_ptr)
c:/gnu_arm_embedded/bin/../lib/gcc/arm-none-eabi/10.3.1/../../../../arm-none-eabi/lib/thumb/v7e-m+fp/hard\libc_nano.a(lib_a-init.o)
                              c:/gnu_arm_embedded/bin/../lib/gcc/arm-none-eabi/10.3.1/../../../../arm-none-eabi/lib/thumb/v7e-m+fp/hard/crt0.o (__libc_init_array)
c:/gnu_arm_embedded/bin/../lib/gcc/arm-none-eabi/10.3.1/../../../../arm-none-eabi/lib/thumb/v7e-m+fp/hard\libc_nano.a(lib_a-memset.o)
                              c:/gnu_arm_embedded/bin/../lib/gcc/arm-none-eabi/10.3.1/../../../../arm-none-eabi/lib/thumb/v7e-m+fp/hard/crt0.o (memset)
c:/gnu_arm_embedded/bin/../lib/gcc/arm-none-eabi/10.3.1/../../../../arm-none-eabi/lib/thumb/v7e-m+fp/hard\libc_nano.a(lib_a-strlen.o)
                              build/main.o (strlen)
c:/gnu_arm_embedded/bin/../lib/gcc/arm-none-eabi/10.3.1/../../../../arm-none-eabi/lib/thumb/v7e-m+fp/hard\libnosys.a(_exit.o)
                              c:/gnu_arm_embedded/bin/../lib/gcc/arm-none-eabi/10.3.1/../../../../arm-none-eabi/lib/thumb/v7e-m+fp/hard\libc_nano.a(lib_a-exit.o) (_exit)
c:/gnu_arm_embedded/bin/../lib/gcc/arm-none-eabi/10.3.1/thumb/v7e-m+fp/hard\libgcc.a(_aeabi_uldivmod.o)
                              build/stm32l4xx_hal_uart.o (__aeabi_uldivmod)
c:/gnu_arm_embedded/bin/../lib/gcc/arm-none-eabi/10.3.1/thumb/v7e-m+fp/hard\libgcc.a(_udivmoddi4.o)
                              c:/gnu_arm_embedded/bin/../lib/gcc/arm-none-eabi/10.3.1/thumb/v7e-m+fp/hard\libgcc.a(_aeabi_uldivmod.o) (__udivmoddi4)
c:/gnu_arm_embedded/bin/../lib/gcc/arm-none-eabi/10.3.1/thumb/v7e-m+fp/hard\libgcc.a(_dvmd_tls.o)
                              c:/gnu_arm_embedded/bin/../lib/gcc/arm-none-eabi/10.3.1/thumb/v7e-m+fp/hard\libgcc.a(_aeabi_uldivmod.o) (__aeabi_ldiv0)

Discarded input sections

 .text          0x00000000        0x0 c:/gnu_arm_embedded/bin/../lib/gcc/arm-none-eabi/10.3.1/thumb/v7e-m+fp/hard/crti.o
 .data          0x00000000        0x0 c:/gnu_arm_embedded/bin/../lib/gcc/arm-none-eabi/10.3.1/thumb/v7e-m+fp/hard/crti.o
 .bss           0x00000000        0x0 c:/gnu_arm_embedded/bin/../lib/gcc/arm-none-eabi/10.3.1/thumb/v7e-m+fp/hard/crti.o
 .data          0x00000000        0x4 c:/gnu_arm_embedded/bin/../lib/gcc/arm-none-eabi/10.3.1/thumb/v7e-m+fp/hard/crtbegin.o
 .rodata        0x00000000       0x24 c:/gnu_arm_embedded/bin/../lib/gcc/arm-none-eabi/10.3.1/thumb/v7e-m+fp/hard/crtbegin.o
 .text          0x00000000       0x7c c:/gnu_arm_embedded/bin/../lib/gcc/arm-none-eabi/10.3.1/../../../../arm-none-eabi/lib/thumb/v7e-m+fp/hard/crt0.o
 .data          0x00000000        0x0 c:/gnu_arm_embedded/bin/../lib/gcc/arm-none-eabi/10.3.1/../../../../arm-none-eabi/lib/thumb/v7e-m+fp/hard/crt0.o
 .bss           0x00000000        0x0 c:/gnu_arm_embedded/bin/../lib/gcc/arm-none-eabi/10.3.1/../../../../arm-none-eabi/lib/thumb/v7e-m+fp/hard/crt0.o
 .ARM.extab     0x00000000        0x0 c:/gnu_arm_embedded/bin/../lib/gcc/arm-none-eabi/10.3.1/../../../../arm-none-eabi/lib/thumb/v7e-m+fp/hard/crt0.o
 .ARM.exidx     0x00000000       0x10 c:/gnu_arm_embedded/bin/../lib/gcc/arm-none-eabi/10.3.1/../../../../arm-none-eabi/lib/thumb/v7e-m+fp/hard/crt0.o
 .ARM.attributes
                0x00000000       0x1c c:/gnu_arm_embedded/bin/../lib/gcc/arm-none-eabi/10.3.1/../../../../arm-none-eabi/lib/thumb/v7e-m+fp/hard/crt0.o
 .text          0x00000000        0x0 build/main.o
 .data          0x00000000        0x0 build/main.o
 .bss           0x00000000        0x0 build/main.o
 .text          0x00000000        0x0 build/stm32l4xx_it.o
 .data          0x00000000        0x0 build/stm32l4xx_it.o
 .bss           0x00000000        0x0 build/stm32l4xx_it.o
 .text          0x00000000        0x0 build/stm32l4xx_hal_msp.o
 .data          0x00000000        0x0 build/stm32l4xx_hal_msp.o
 .bss           0x00000000        0x0 build/stm32l4xx_hal_msp.o
 .text.HAL_UART_MspDeInit
                0x00000000       0x2c build/stm32l4xx_hal_msp.o
 .text          0x00000000        0x0 build/stm32l4xx_hal_uart.o
 .data          0x00000000        0x0 build/stm32l4xx_hal_uart.o
 .bss           0x00000000        0x0 build/stm32l4xx_hal_uart.o
 .text.UART_EndTxTransfer
                0x00000000       0x18 build/stm32l4xx_hal_uart.o
 .text.UART_EndRxTransfer
                0x00000000       0x50 build/stm32l4xx_hal_uart.o
 .text.UART_TxISR_8BIT
[...]
Memory Configuration

Name             Origin             Length             Attributes
RAM              0x20000000         0x00018000         xrw
RAM2             0x10000000         0x00008000         xrw
FLASH            0x08000000         0x00100000         xr
*default*        0x00000000         0xffffffff

Linker script and memory map

LOAD c:/gnu_arm_embedded/bin/../lib/gcc/arm-none-eabi/10.3.1/thumb/v7e-m+fp/hard/crti.o
LOAD c:/gnu_arm_embedded/bin/../lib/gcc/arm-none-eabi/10.3.1/thumb/v7e-m+fp/hard/crtbegin.o
LOAD c:/gnu_arm_embedded/bin/../lib/gcc/arm-none-eabi/10.3.1/../../../../arm-none-eabi/lib/thumb/v7e-m+fp/hard/crt0.o
LOAD build/main.o
LOAD build/stm32l4xx_it.o
LOAD build/stm32l4xx_hal_msp.o
LOAD build/stm32l4xx_hal_uart.o
LOAD build/stm32l4xx_hal_uart_ex.o
LOAD build/stm32l4xx_hal.o
LOAD build/stm32l4xx_hal_i2c.o
LOAD build/stm32l4xx_hal_i2c_ex.o
LOAD build/stm32l4xx_hal_rcc.o
LOAD build/stm32l4xx_hal_rcc_ex.o
LOAD build/stm32l4xx_hal_flash.o
LOAD build/stm32l4xx_hal_flash_ex.o
LOAD build/stm32l4xx_hal_flash_ramfunc.o
LOAD build/stm32l4xx_hal_gpio.o
LOAD build/stm32l4xx_hal_dma.o
LOAD build/stm32l4xx_hal_dma_ex.o
LOAD build/stm32l4xx_hal_pwr.o
LOAD build/stm32l4xx_hal_pwr_ex.o
LOAD build/stm32l4xx_hal_cortex.o
LOAD build/stm32l4xx_hal_exti.o
LOAD build/system_stm32l4xx.o
LOAD build/startup_stm32l476xx.o
LOAD c:/gnu_arm_embedded/bin/../lib/gcc/arm-none-eabi/10.3.1/../../../../arm-none-eabi/lib/thumb/v7e-m+fp/hard\libc_nano.a
LOAD c:/gnu_arm_embedded/bin/../lib/gcc/arm-none-eabi/10.3.1/../../../../arm-none-eabi/lib/thumb/v7e-m+fp/hard\libm.a
LOAD c:/gnu_arm_embedded/bin/../lib/gcc/arm-none-eabi/10.3.1/../../../../arm-none-eabi/lib/thumb/v7e-m+fp/hard\libnosys.a
START GROUP
LOAD c:/gnu_arm_embedded/bin/../lib/gcc/arm-none-eabi/10.3.1/thumb/v7e-m+fp/hard\libgcc.a
LOAD c:/gnu_arm_embedded/bin/../lib/gcc/arm-none-eabi/10.3.1/../../../../arm-none-eabi/lib/thumb/v7e-m+fp/hard\libc_nano.a
END GROUP
START GROUP
LOAD c:/gnu_arm_embedded/bin/../lib/gcc/arm-none-eabi/10.3.1/thumb/v7e-m+fp/hard\libgcc.a
LOAD c:/gnu_arm_embedded/bin/../lib/gcc/arm-none-eabi/10.3.1/../../../../arm-none-eabi/lib/thumb/v7e-m+fp/hard\libc_nano.a
END GROUP
LOAD c:/gnu_arm_embedded/bin/../lib/gcc/arm-none-eabi/10.3.1/thumb/v7e-m+fp/hard/crtend.o
LOAD c:/gnu_arm_embedded/bin/../lib/gcc/arm-none-eabi/10.3.1/thumb/v7e-m+fp/hard/crtn.o
                0x20018000                _estack = (ORIGIN (RAM) + LENGTH (RAM))
                0x00000200                _Min_Heap_Size = 0x200
                0x00000400                _Min_Stack_Size = 0x400

.isr_vector     0x08000000      0x188
                0x08000000                . = ALIGN (0x8)
 *(.isr_vector)
 .isr_vector    0x08000000      0x188 build/startup_stm32l476xx.o
                0x08000000                VectorTable
                0x08000188                . = ALIGN (0x8)

.text           0x08000188     0x2378
                0x08000188                . = ALIGN (0x8)
 *(.text)
 .text          0x08000188       0x40 c:/gnu_arm_embedded/bin/../lib/gcc/arm-none-eabi/10.3.1/thumb/v7e-m+fp/hard/crtbegin.o
 .text          0x080001c8       0x10 c:/gnu_arm_embedded/bin/../lib/gcc/arm-none-eabi/10.3.1/../../../../arm-none-eabi/lib/thumb/v7e-m+fp/hard\libc_nano.a(lib_a-strlen.o)
                0x080001c8                strlen
 .text          0x080001d8       0x30 c:/gnu_arm_embedded/bin/../lib/gcc/arm-none-eabi/10.3.1/thumb/v7e-m+fp/hard\libgcc.a(_aeabi_uldivmod.o)
                0x080001d8                __aeabi_uldivmod
 .text          0x08000208      0x2d0 c:/gnu_arm_embedded/bin/../lib/gcc/arm-none-eabi/10.3.1/thumb/v7e-m+fp/hard\libgcc.a(_udivmoddi4.o)
                0x08000208                __udivmoddi4
 .text          0x080004d8        0x4 c:/gnu_arm_embedded/bin/../lib/gcc/arm-none-eabi/10.3.1/thumb/v7e-m+fp/hard\libgcc.a(_dvmd_tls.o)
                0x080004d8                __aeabi_idiv0
                0x080004d8                __aeabi_ldiv0
 *(.text*)
 .text.MX_GPIO_Init
                0x080004dc       0xa0 build/main.o
 .text.Error_Handler
                0x0800057c        0x4 build/main.o
                0x0800057c                Error_Handler
 .text.MX_USART2_UART_Init
                0x08000580       0x38 build/main.o
 .text.SystemClock_Config
                0x080005b8       0x7a build/main.o
                0x080005b8                SystemClock_Config
 *fill*         0x08000632        0x2 
 .text.main     0x08000634       0x48 build/main.o
                0x08000634                main
 .text.NMI_Handler
                0x0800067c        0x2 build/stm32l4xx_it.o
                0x0800067c                NMI_Handler
 .text.HardFault_Handler
                0x0800067e        0x2 build/stm32l4xx_it.o
                0x0800067e                HardFault_Handler
 .text.MemManage_Handler
                0x08000680        0x2 build/stm32l4xx_it.o
                0x08000680                MemManage_Handler
 .text.BusFault_Handler
                0x08000682        0x2 build/stm32l4xx_it.o
                0x08000682                BusFault_Handler
 .text.UsageFault_Handler
                0x08000684        0x2 build/stm32l4xx_it.o
                0x08000684                UsageFault_Handler
 .text.SVC_Handler
                0x08000686        0x2 build/stm32l4xx_it.o
                0x08000686                SVC_Handler
 .text.DebugMon_Handler
                0x08000688        0x2 build/stm32l4xx_it.o
                0x08000688                DebugMon_Handler
 .text.PendSV_Handler
                0x0800068a        0x2 build/stm32l4xx_it.o
                0x0800068a                PendSV_Handler
 .text.SysTick_Handler
                0x0800068c        0x8 build/stm32l4xx_it.o
                0x0800068c                SysTick_Handler
 .text.HAL_MspInit
                0x08000694       0x30 build/stm32l4xx_hal_msp.o
                0x08000694                HAL_MspInit
 .text.HAL_UART_MspInit
                0x080006c4       0x88 build/stm32l4xx_hal_msp.o
                0x080006c4                HAL_UART_MspInit
 .text.UART_SetConfig
                0x0800074c      0x328 build/stm32l4xx_hal_uart.o
                0x0800074c                UART_SetConfig
 .text.UART_AdvFeatureConfig
                0x08000a74       0xca build/stm32l4xx_hal_uart.o
                0x08000a74                UART_AdvFeatureConfig
 .text.UART_WaitOnFlagUntilTimeout
                0x08000b3e       0xd4 build/stm32l4xx_hal_uart.o
                0x08000b3e                UART_WaitOnFlagUntilTimeout
 .text.HAL_UART_Transmit
                0x08000c12       0xd8 build/stm32l4xx_hal_uart.o
                0x08000c12                HAL_UART_Transmit
 .text.UART_CheckIdleState
                0x08000cea       0x70 build/stm32l4xx_hal_uart.o
                0x08000cea                UART_CheckIdleState
 .text.HAL_UART_Init
                0x08000d5a       0x62 build/stm32l4xx_hal_uart.o
                0x08000d5a                HAL_UART_Init
 .text.HAL_InitTick
                0x08000dbc       0x50 build/stm32l4xx_hal.o
                0x08000dbc                HAL_InitTick
 .text.HAL_Init
                0x08000e0c       0x2c build/stm32l4xx_hal.o
                0x08000e0c                HAL_Init
 .text.HAL_IncTick
                0x08000e38       0x18 build/stm32l4xx_hal.o
                0x08000e38                HAL_IncTick
 .text.HAL_GetTick
                0x08000e50        0xc build/stm32l4xx_hal.o
                0x08000e50                HAL_GetTick
 .text.HAL_Delay
                0x08000e5c       0x28 build/stm32l4xx_hal.o
                0x08000e5c                HAL_Delay
 .text.RCC_SetFlashLatencyFromMSIRange
                0x08000e84       0x90 build/stm32l4xx_hal_rcc.o
 .text.HAL_RCC_GetSysClockFreq
                0x08000f14       0xb4 build/stm32l4xx_hal_rcc.o
                0x08000f14                HAL_RCC_GetSysClockFreq
 .text.HAL_RCC_OscConfig
                0x08000fc8      0x61c build/stm32l4xx_hal_rcc.o
                0x08000fc8                HAL_RCC_OscConfig
 .text.HAL_RCC_ClockConfig
                0x080015e4      0x188 build/stm32l4xx_hal_rcc.o
                0x080015e4                HAL_RCC_ClockConfig
 .text.HAL_RCC_GetHCLKFreq
                0x0800176c        0xc build/stm32l4xx_hal_rcc.o
                0x0800176c                HAL_RCC_GetHCLKFreq
 .text.HAL_RCC_GetPCLK1Freq
                0x08001778       0x24 build/stm32l4xx_hal_rcc.o
                0x08001778                HAL_RCC_GetPCLK1Freq
 .text.HAL_RCC_GetPCLK2Freq
                0x0800179c       0x24 build/stm32l4xx_hal_rcc.o
                0x0800179c                HAL_RCC_GetPCLK2Freq
 .text.RCCEx_PLLSAI1_Config
                0x080017c0      0x170 build/stm32l4xx_hal_rcc_ex.o
 .text.RCCEx_PLLSAI2_Config
                0x08001930      0x14c build/stm32l4xx_hal_rcc_ex.o
 .text.HAL_RCCEx_PeriphCLKConfig
                0x08001a7c      0x454 build/stm32l4xx_hal_rcc_ex.o
                0x08001a7c                HAL_RCCEx_PeriphCLKConfig
 .text.HAL_GPIO_Init
                0x08001ed0      0x200 build/stm32l4xx_hal_gpio.o
                0x08001ed0                HAL_GPIO_Init
 .text.HAL_GPIO_WritePin
                0x080020d0        0xa build/stm32l4xx_hal_gpio.o
                0x080020d0                HAL_GPIO_WritePin
 .text.HAL_GPIO_TogglePin
                0x080020da       0x12 build/stm32l4xx_hal_gpio.o
                0x080020da                HAL_GPIO_TogglePin
 .text.HAL_PWREx_GetVoltageRange
                0x080020ec       0x10 build/stm32l4xx_hal_pwr_ex.o
                0x080020ec                HAL_PWREx_GetVoltageRange
 .text.HAL_PWREx_ControlVoltageScaling
                0x080020fc       0x90 build/stm32l4xx_hal_pwr_ex.o
                0x080020fc                HAL_PWREx_ControlVoltageScaling
 .text.HAL_NVIC_SetPriorityGrouping
                0x0800218c       0x24 build/stm32l4xx_hal_cortex.o
                0x0800218c                HAL_NVIC_SetPriorityGrouping
 .text.HAL_NVIC_SetPriority
                0x080021b0       0x70 build/stm32l4xx_hal_cortex.o
                0x080021b0                HAL_NVIC_SetPriority
 .text.HAL_SYSTICK_Config
                0x08002220       0x28 build/stm32l4xx_hal_cortex.o
                0x08002220                HAL_SYSTICK_Config
 .text.SystemInit
                0x08002248       0x14 build/system_stm32l4xx.o
                0x08002248                SystemInit
 .text.Reset_Handler
                0x0800225c       0x48 build/startup_stm32l476xx.o
                0x0800225c                Reset_Handler
 .text.Default_Handler
                0x080022a4        0x2 build/startup_stm32l476xx.o
                0x080022a4                Default_Handler
 .text.WWDG_IRQHandler
                0x080022a6        0x6 build/startup_stm32l476xx.o
                0x080022a6                WWDG_IRQHandler
 .text.PVD_PVM_IRQHandler
                0x080022ac        0x6 build/startup_stm32l476xx.o
                0x080022ac                PVD_PVM_IRQHandler
 .text.TAMP_STAMP_IRQHandler
                0x080022b2        0x6 build/startup_stm32l476xx.o
                0x080022b2                TAMP_STAMP_IRQHandler
 .text.RTC_WKUP_IRQHandler
                0x080022b8        0x6 build/startup_stm32l476xx.o
                0x080022b8                RTC_WKUP_IRQHandler
 .text.FLASH_IRQHandler
                0x080022be        0x6 build/startup_stm32l476xx.o
                0x080022be                FLASH_IRQHandler
 .text.RCC_IRQHandler
                0x080022c4        0x6 build/startup_stm32l476xx.o
                0x080022c4                RCC_IRQHandler
 .text.EXTI0_IRQHandler
                0x080022ca        0x6 build/startup_stm32l476xx.o
                0x080022ca                EXTI0_IRQHandler
 .text.EXTI1_IRQHandler
                0x080022d0        0x6 build/startup_stm32l476xx.o
                0x080022d0                EXTI1_IRQHandler
 .text.EXTI2_IRQHandler
                0x080022d6        0x6 build/startup_stm32l476xx.o
                0x080022d6                EXTI2_IRQHandler
 .text.EXTI3_IRQHandler
                0x080022dc        0x6 build/startup_stm32l476xx.o
                0x080022dc                EXTI3_IRQHandler
 .text.EXTI4_IRQHandler
                0x080022e2        0x6 build/startup_stm32l476xx.o
                0x080022e2                EXTI4_IRQHandler
 .text.DMA1_Channel1_IRQHandler
                0x080022e8        0x6 build/startup_stm32l476xx.o
                0x080022e8                DMA1_Channel1_IRQHandler
 .text.DMA1_Channel2_IRQHandler
                0x080022ee        0x6 build/startup_stm32l476xx.o
                0x080022ee                DMA1_Channel2_IRQHandler
 .text.DMA1_Channel3_IRQHandler
                0x080022f4        0x6 build/startup_stm32l476xx.o
                0x080022f4                DMA1_Channel3_IRQHandler
 .text.DMA1_Channel4_IRQHandler
                0x080022fa        0x6 build/startup_stm32l476xx.o
                0x080022fa                DMA1_Channel4_IRQHandler
 .text.DMA1_Channel5_IRQHandler
                0x08002300        0x6 build/startup_stm32l476xx.o
                0x08002300                DMA1_Channel5_IRQHandler
 .text.DMA1_Channel6_IRQHandler
                0x08002306        0x6 build/startup_stm32l476xx.o
                0x08002306                DMA1_Channel6_IRQHandler
 .text.DMA1_Channel7_IRQHandler
                0x0800230c        0x6 build/startup_stm32l476xx.o
                0x0800230c                DMA1_Channel7_IRQHandler
 .text.ADC1_2_IRQHandler
                0x08002312        0x6 build/startup_stm32l476xx.o
                0x08002312                ADC1_2_IRQHandler
 .text.CAN1_TX_IRQHandler
                0x08002318        0x6 build/startup_stm32l476xx.o
                0x08002318                CAN1_TX_IRQHandler
 .text.CAN1_RX0_IRQHandler
                0x0800231e        0x6 build/startup_stm32l476xx.o
                0x0800231e                CAN1_RX0_IRQHandler
 .text.CAN1_RX1_IRQHandler
                0x08002324        0x6 build/startup_stm32l476xx.o
                0x08002324                CAN1_RX1_IRQHandler
 .text.CAN1_SCE_IRQHandler
                0x0800232a        0x6 build/startup_stm32l476xx.o
                0x0800232a                CAN1_SCE_IRQHandler
 .text.EXTI9_5_IRQHandler
                0x08002330        0x6 build/startup_stm32l476xx.o
                0x08002330                EXTI9_5_IRQHandler
 .text.TIM1_BRK_TIM15_IRQHandler
                0x08002336        0x6 build/startup_stm32l476xx.o
                0x08002336                TIM1_BRK_TIM15_IRQHandler
 .text.TIM1_UP_TIM16_IRQHandler
                0x0800233c        0x6 build/startup_stm32l476xx.o
                0x0800233c                TIM1_UP_TIM16_IRQHandler
 .text.TIM1_TRG_COM_TIM17_IRQHandler
                0x08002342        0x6 build/startup_stm32l476xx.o
                0x08002342                TIM1_TRG_COM_TIM17_IRQHandler
 .text.TIM1_CC_IRQHandler
                0x08002348        0x6 build/startup_stm32l476xx.o
                0x08002348                TIM1_CC_IRQHandler
 .text.TIM2_IRQHandler
                0x0800234e        0x6 build/startup_stm32l476xx.o
                0x0800234e                TIM2_IRQHandler
 .text.TIM3_IRQHandler
                0x08002354        0x6 build/startup_stm32l476xx.o
                0x08002354                TIM3_IRQHandler
 .text.TIM4_IRQHandler
                0x0800235a        0x6 build/startup_stm32l476xx.o
                0x0800235a                TIM4_IRQHandler
 .text.I2C1_EV_IRQHandler
                0x08002360        0x6 build/startup_stm32l476xx.o
                0x08002360                I2C1_EV_IRQHandler
 .text.I2C1_ER_IRQHandler
                0x08002366        0x6 build/startup_stm32l476xx.o
                0x08002366                I2C1_ER_IRQHandler
 .text.I2C2_EV_IRQHandler
                0x0800236c        0x6 build/startup_stm32l476xx.o
                0x0800236c                I2C2_EV_IRQHandler
 .text.I2C2_ER_IRQHandler
                0x08002372        0x6 build/startup_stm32l476xx.o
                0x08002372                I2C2_ER_IRQHandler
 .text.SPI1_IRQHandler
                0x08002378        0x6 build/startup_stm32l476xx.o
                0x08002378                SPI1_IRQHandler
 .text.SPI2_IRQHandler
                0x0800237e        0x6 build/startup_stm32l476xx.o
                0x0800237e                SPI2_IRQHandler
 .text.USART1_IRQHandler
                0x08002384        0x6 build/startup_stm32l476xx.o
                0x08002384                USART1_IRQHandler
 .text.USART2_IRQHandler
                0x0800238a        0x6 build/startup_stm32l476xx.o
                0x0800238a                USART2_IRQHandler
 .text.USART3_IRQHandler
                0x08002390        0x6 build/startup_stm32l476xx.o
                0x08002390                USART3_IRQHandler
 .text.EXTI15_10_IRQHandler
                0x08002396        0x6 build/startup_stm32l476xx.o
                0x08002396                EXTI15_10_IRQHandler
 .text.RTC_Alarm_IRQHandler
                0x0800239c        0x6 build/startup_stm32l476xx.o
                0x0800239c                RTC_Alarm_IRQHandler
 .text.DFSDM1_FLT3_IRQHandler
                0x080023a2        0x6 build/startup_stm32l476xx.o
                0x080023a2                DFSDM1_FLT3_IRQHandler
 .text.TIM8_BRK_IRQHandler
                0x080023a8        0x6 build/startup_stm32l476xx.o
                0x080023a8                TIM8_BRK_IRQHandler
 .text.TIM8_UP_IRQHandler
                0x080023ae        0x6 build/startup_stm32l476xx.o
                0x080023ae                TIM8_UP_IRQHandler
 .text.TIM8_TRG_COM_IRQHandler
                0x080023b4        0x6 build/startup_stm32l476xx.o
                0x080023b4                TIM8_TRG_COM_IRQHandler
 .text.TIM8_CC_IRQHandler
                0x080023ba        0x6 build/startup_stm32l476xx.o
                0x080023ba                TIM8_CC_IRQHandler
 .text.ADC3_IRQHandler
                0x080023c0        0x6 build/startup_stm32l476xx.o
                0x080023c0                ADC3_IRQHandler
 .text.FMC_IRQHandler
                0x080023c6        0x6 build/startup_stm32l476xx.o
                0x080023c6                FMC_IRQHandler
 .text.SDMMC1_IRQHandler
                0x080023cc        0x6 build/startup_stm32l476xx.o
                0x080023cc                SDMMC1_IRQHandler
 .text.TIM5_IRQHandler
                0x080023d2        0x6 build/startup_stm32l476xx.o
                0x080023d2                TIM5_IRQHandler
 .text.SPI3_IRQHandler
                0x080023d8        0x6 build/startup_stm32l476xx.o
                0x080023d8                SPI3_IRQHandler
 .text.UART4_IRQHandler
                0x080023de        0x6 build/startup_stm32l476xx.o
                0x080023de                UART4_IRQHandler
 .text.UART5_IRQHandler
                0x080023e4        0x6 build/startup_stm32l476xx.o
                0x080023e4                UART5_IRQHandler
 .text.TIM6_DAC_IRQHandler
                0x080023ea        0x6 build/startup_stm32l476xx.o
                0x080023ea                TIM6_DAC_IRQHandler
 .text.TIM7_IRQHandler
                0x080023f0        0x6 build/startup_stm32l476xx.o
                0x080023f0                TIM7_IRQHandler
 .text.DMA2_Channel1_IRQHandler
                0x080023f6        0x6 build/startup_stm32l476xx.o
                0x080023f6                DMA2_Channel1_IRQHandler
 .text.DMA2_Channel2_IRQHandler
                0x080023fc        0x6 build/startup_stm32l476xx.o
                0x080023fc                DMA2_Channel2_IRQHandler
 .text.DMA2_Channel3_IRQHandler
                0x08002402        0x6 build/startup_stm32l476xx.o
                0x08002402                DMA2_Channel3_IRQHandler
 .text.DMA2_Channel4_IRQHandler
                0x08002408        0x6 build/startup_stm32l476xx.o
                0x08002408                DMA2_Channel4_IRQHandler
 .text.DMA2_Channel5_IRQHandler
                0x0800240e        0x6 build/startup_stm32l476xx.o
                0x0800240e                DMA2_Channel5_IRQHandler
 .text.DFSDM1_FLT0_IRQHandler
                0x08002414        0x6 build/startup_stm32l476xx.o
                0x08002414                DFSDM1_FLT0_IRQHandler
 .text.DFSDM1_FLT1_IRQHandler
                0x0800241a        0x6 build/startup_stm32l476xx.o
                0x0800241a                DFSDM1_FLT1_IRQHandler
 .text.DFSDM1_FLT2_IRQHandler
                0x08002420        0x6 build/startup_stm32l476xx.o
                0x08002420                DFSDM1_FLT2_IRQHandler
 .text.COMP_IRQHandler
                0x08002426        0x6 build/startup_stm32l476xx.o
                0x08002426                COMP_IRQHandler
 .text.LPTIM1_IRQHandler
                0x0800242c        0x6 build/startup_stm32l476xx.o
                0x0800242c                LPTIM1_IRQHandler
 .text.LPTIM2_IRQHandler
                0x08002432        0x6 build/startup_stm32l476xx.o
                0x08002432                LPTIM2_IRQHandler
 .text.OTG_FS_IRQHandler
                0x08002438        0x6 build/startup_stm32l476xx.o
                0x08002438                OTG_FS_IRQHandler
 .text.DMA2_Channel6_IRQHandler
                0x0800243e        0x6 build/startup_stm32l476xx.o
                0x0800243e                DMA2_Channel6_IRQHandler
 .text.DMA2_Channel7_IRQHandler
                0x08002444        0x6 build/startup_stm32l476xx.o
                0x08002444                DMA2_Channel7_IRQHandler
 .text.LPUART1_IRQHandler
                0x0800244a        0x6 build/startup_stm32l476xx.o
                0x0800244a                LPUART1_IRQHandler
 .text.QUADSPI_IRQHandler
                0x08002450        0x6 build/startup_stm32l476xx.o
                0x08002450                QUADSPI_IRQHandler
 .text.I2C3_EV_IRQHandler
                0x08002456        0x6 build/startup_stm32l476xx.o
                0x08002456                I2C3_EV_IRQHandler
 .text.I2C3_ER_IRQHandler
                0x0800245c        0x6 build/startup_stm32l476xx.o
                0x0800245c                I2C3_ER_IRQHandler
 .text.SAI1_IRQHandler
                0x08002462        0x6 build/startup_stm32l476xx.o
                0x08002462                SAI1_IRQHandler
 .text.SAI2_IRQHandler
                0x08002468        0x6 build/startup_stm32l476xx.o
                0x08002468                SAI2_IRQHandler
 .text.SWPMI1_IRQHandler
                0x0800246e        0x6 build/startup_stm32l476xx.o
                0x0800246e                SWPMI1_IRQHandler
 .text.TSC_IRQHandler
                0x08002474        0x6 build/startup_stm32l476xx.o
                0x08002474                TSC_IRQHandler
 .text.LCD_IRQHandler
                0x0800247a        0x6 build/startup_stm32l476xx.o
                0x0800247a                LCD_IRQHandler
 .text.RNG_IRQHandler
                0x08002480        0x6 build/startup_stm32l476xx.o
                0x08002480                RNG_IRQHandler
 .text.FPU_IRQHandler
                0x08002486        0x6 build/startup_stm32l476xx.o
                0x08002486                FPU_IRQHandler
 .text.__libc_init_array
                0x0800248c       0x48 c:/gnu_arm_embedded/bin/../lib/gcc/arm-none-eabi/10.3.1/../../../../arm-none-eabi/lib/thumb/v7e-m+fp/hard\libc_nano.a(lib_a-init.o)
                0x0800248c                __libc_init_array
 .text.memset   0x080024d4       0x10 c:/gnu_arm_embedded/bin/../lib/gcc/arm-none-eabi/10.3.1/../../../../arm-none-eabi/lib/thumb/v7e-m+fp/hard\libc_nano.a(lib_a-memset.o)
                0x080024d4                memset
 *(.glue_7)
 .glue_7        0x080024e4        0x0 linker stubs
 *(.glue_7t)
 .glue_7t       0x080024e4        0x0 linker stubs
 *(.eh_frame)
 .eh_frame      0x080024e4        0x0 c:/gnu_arm_embedded/bin/../lib/gcc/arm-none-eabi/10.3.1/thumb/v7e-m+fp/hard/crtbegin.o
 *(.init)
 .init          0x080024e4        0x4 c:/gnu_arm_embedded/bin/../lib/gcc/arm-none-eabi/10.3.1/thumb/v7e-m+fp/hard/crti.o
                0x080024e4                _init
 .init          0x080024e8        0x8 c:/gnu_arm_embedded/bin/../lib/gcc/arm-none-eabi/10.3.1/thumb/v7e-m+fp/hard/crtn.o
 *(.fini)
 .fini          0x080024f0        0x4 c:/gnu_arm_embedded/bin/../lib/gcc/arm-none-eabi/10.3.1/thumb/v7e-m+fp/hard/crti.o
                0x080024f0                _fini
 .fini          0x080024f4        0x8 c:/gnu_arm_embedded/bin/../lib/gcc/arm-none-eabi/10.3.1/thumb/v7e-m+fp/hard/crtn.o
                0x08002500                . = ALIGN (0x8)
 *fill*         0x080024fc        0x4 
                0x08002500                _etext = .

.vfp11_veneer   0x08002500        0x0
 .vfp11_veneer  0x08002500        0x0 linker stubs

.v4_bx          0x08002500        0x0
 .v4_bx         0x08002500        0x0 linker stubs

.iplt           0x08002500        0x0
 .iplt          0x08002500        0x0 c:/gnu_arm_embedded/bin/../lib/gcc/arm-none-eabi/10.3.1/thumb/v7e-m+fp/hard/crtbegin.o

.rodata         0x08002500       0x60
                0x08002500                . = ALIGN (0x8)
 *(.rodata)
 *(.rodata*)
 .rodata.str1.4
                0x08002500       0x14 build/main.o
 .rodata.AHBPrescTable
                0x08002514       0x10 build/system_stm32l4xx.o
                0x08002514                AHBPrescTable
 .rodata.APBPrescTable
                0x08002524        0x8 build/system_stm32l4xx.o
                0x08002524                APBPrescTable
 .rodata.MSIRangeTable
                0x0800252c       0x30 build/system_stm32l4xx.o
                0x0800252c                MSIRangeTable
                0x08002560                . = ALIGN (0x8)
 *fill*         0x0800255c        0x4 

.ARM.extab      0x08002560        0x0
                0x08002560                . = ALIGN (0x8)
 *(.ARM.extab* .gnu.linkonce.armextab.*)
                0x08002560                . = ALIGN (0x8)

.ARM            0x08002560        0x8
                0x08002560                . = ALIGN (0x8)
                0x08002560                __exidx_start = .
 *(.ARM.exidx*)
 .ARM.exidx     0x08002560        0x8 c:/gnu_arm_embedded/bin/../lib/gcc/arm-none-eabi/10.3.1/thumb/v7e-m+fp/hard\libgcc.a(_udivmoddi4.o)
                0x08002568                __exidx_end = .
                0x08002568                . = ALIGN (0x8)

.rel.dyn        0x08002568        0x0
 .rel.iplt      0x08002568        0x0 c:/gnu_arm_embedded/bin/../lib/gcc/arm-none-eabi/10.3.1/thumb/v7e-m+fp/hard/crtbegin.o

.preinit_array  0x08002568        0x0
                0x08002568                . = ALIGN (0x8)
                0x08002568                PROVIDE (__preinit_array_start = .)
 *(.preinit_array*)
                0x08002568                PROVIDE (__preinit_array_end = .)
                0x08002568                . = ALIGN (0x8)

.init_array     0x08002568        0x8
                0x08002568                . = ALIGN (0x8)
                0x08002568                PROVIDE (__init_array_start = .)
 *(SORT_BY_NAME(.init_array.*))
 *(.init_array*)
 .init_array    0x08002568        0x4 c:/gnu_arm_embedded/bin/../lib/gcc/arm-none-eabi/10.3.1/thumb/v7e-m+fp/hard/crtbegin.o
                0x0800256c                PROVIDE (__init_array_end = .)
                0x08002570                . = ALIGN (0x8)
 *fill*         0x0800256c        0x4 

.fini_array     0x08002570        0x8
                0x08002570                . = ALIGN (0x8)
                [!provide]                PROVIDE (__fini_array_start = .)
 *(SORT_BY_NAME(.fini_array.*))
 *(.fini_array*)
 .fini_array    0x08002570        0x4 c:/gnu_arm_embedded/bin/../lib/gcc/arm-none-eabi/10.3.1/thumb/v7e-m+fp/hard/crtbegin.o
                [!provide]                PROVIDE (__fini_array_end = .)
                0x08002578                . = ALIGN (0x8)
 *fill*         0x08002574        0x4 
                0x08002578                _sidata = LOADADDR (.data)

.data           0x20000000       0x10 load address 0x08002578
                0x20000000                . = ALIGN (0x8)
                0x20000000                _sdata = .
 *(.data)
 *(.data*)
 .data.message  0x20000000        0x4 build/main.o
                0x20000000                message
 .data.uwTickFreq
                0x20000004        0x1 build/stm32l4xx_hal.o
                0x20000004                uwTickFreq
 *fill*         0x20000005        0x3 
 .data.uwTickPrio
                0x20000008        0x4 build/stm32l4xx_hal.o
                0x20000008                uwTickPrio
 .data.SystemCoreClock
                0x2000000c        0x4 build/system_stm32l4xx.o
                0x2000000c                SystemCoreClock
                0x20000010                . = ALIGN (0x8)
                0x20000010                _edata = .

.igot.plt       0x20000010        0x0 load address 0x08002588
 .igot.plt      0x20000010        0x0 c:/gnu_arm_embedded/bin/../lib/gcc/arm-none-eabi/10.3.1/thumb/v7e-m+fp/hard/crtbegin.o
                0x20000010                . = ALIGN (0x4)

.bss            0x20000010       0xa4 load address 0x08002588
                0x20000010                _sbss = .
                0x20000010                __bss_start__ = _sbss
 *(.bss)
 .bss           0x20000010       0x1c c:/gnu_arm_embedded/bin/../lib/gcc/arm-none-eabi/10.3.1/thumb/v7e-m+fp/hard/crtbegin.o
 *(.bss*)
 .bss.huart2    0x2000002c       0x84 build/main.o
                0x2000002c                huart2
 .bss.uwTick    0x200000b0        0x4 build/stm32l4xx_hal.o
                0x200000b0                uwTick
 *(COMMON)
                0x200000b4                . = ALIGN (0x4)
                0x200000b4                _ebss = .
                0x200000b4                __bss_end__ = _ebss

._user_heap_stack
                0x200000b4      0x604 load address 0x08002588
                0x200000b8                . = ALIGN (0x8)
 *fill*         0x200000b4        0x4 
                [!provide]                PROVIDE (end = .)
                [!provide]                PROVIDE (_end = .)
                0x200002b8                . = (. + _Min_Heap_Size)
 *fill*         0x200000b8      0x200 
                0x200006b8                . = (. + _Min_Stack_Size)
 *fill*         0x200002b8      0x400 
                0x200006b8                . = ALIGN (0x8)

/DISCARD/
 libc.a(*)
 libm.a(*)
 libgcc.a(*)

.ARM.attributes
                0x00000000       0x30
 *(.ARM.attributes)
 .ARM.attributes
                0x00000000       0x1e c:/gnu_arm_embedded/bin/../lib/gcc/arm-none-eabi/10.3.1/thumb/v7e-m+fp/hard/crti.o
 .ARM.attributes
                0x0000001e       0x34 c:/gnu_arm_embedded/bin/../lib/gcc/arm-none-eabi/10.3.1/thumb/v7e-m+fp/hard/crtbegin.o
 .ARM.attributes
                0x00000052       0x34 build/main.o
 .ARM.attributes
                0x00000086       0x34 build/stm32l4xx_it.o
 .ARM.attributes
                0x000000ba       0x34 build/stm32l4xx_hal_msp.o
 .ARM.attributes
                0x000000ee       0x34 build/stm32l4xx_hal_uart.o
 .ARM.attributes
                0x00000122       0x34 build/stm32l4xx_hal.o
 .ARM.attributes
                0x00000156       0x34 build/stm32l4xx_hal_rcc.o
 .ARM.attributes
                0x0000018a       0x34 build/stm32l4xx_hal_rcc_ex.o
 .ARM.attributes
                0x000001be       0x34 build/stm32l4xx_hal_gpio.o
 .ARM.attributes
                0x000001f2       0x34 build/stm32l4xx_hal_pwr_ex.o
 .ARM.attributes
                0x00000226       0x34 build/stm32l4xx_hal_cortex.o
 .ARM.attributes
                0x0000025a       0x34 build/system_stm32l4xx.o
 .ARM.attributes
                0x0000028e       0x34 build/startup_stm32l476xx.o
 .ARM.attributes
                0x000002c2       0x34 c:/gnu_arm_embedded/bin/../lib/gcc/arm-none-eabi/10.3.1/../../../../arm-none-eabi/lib/thumb/v7e-m+fp/hard\libc_nano.a(lib_a-init.o)
 .ARM.attributes
                0x000002f6       0x34 c:/gnu_arm_embedded/bin/../lib/gcc/arm-none-eabi/10.3.1/../../../../arm-none-eabi/lib/thumb/v7e-m+fp/hard\libc_nano.a(lib_a-memset.o)
 .ARM.attributes
                0x0000032a       0x17 c:/gnu_arm_embedded/bin/../lib/gcc/arm-none-eabi/10.3.1/../../../../arm-none-eabi/lib/thumb/v7e-m+fp/hard\libc_nano.a(lib_a-strlen.o)
 .ARM.attributes
                0x00000341       0x1e c:/gnu_arm_embedded/bin/../lib/gcc/arm-none-eabi/10.3.1/thumb/v7e-m+fp/hard\libgcc.a(_aeabi_uldivmod.o)
 .ARM.attributes
                0x0000035f       0x34 c:/gnu_arm_embedded/bin/../lib/gcc/arm-none-eabi/10.3.1/thumb/v7e-m+fp/hard\libgcc.a(_udivmoddi4.o)
 .ARM.attributes
                0x00000393       0x1e c:/gnu_arm_embedded/bin/../lib/gcc/arm-none-eabi/10.3.1/thumb/v7e-m+fp/hard\libgcc.a(_dvmd_tls.o)
 .ARM.attributes
                0x000003b1       0x1e c:/gnu_arm_embedded/bin/../lib/gcc/arm-none-eabi/10.3.1/thumb/v7e-m+fp/hard/crtn.o
OUTPUT(build/VSCode_Test.elf elf32-littlearm)
LOAD linker stubs
LOAD c:/gnu_arm_embedded/bin/../lib/gcc/arm-none-eabi/10.3.1/../../../../arm-none-eabi/lib/thumb/v7e-m+fp/hard\libc.a
LOAD c:/gnu_arm_embedded/bin/../lib/gcc/arm-none-eabi/10.3.1/../../../../arm-none-eabi/lib/thumb/v7e-m+fp/hard\libm.a
LOAD c:/gnu_arm_embedded/bin/../lib/gcc/arm-none-eabi/10.3.1/thumb/v7e-m+fp/hard\libgcc.a

.debug_info     0x00000000     0xe362
 .debug_info    0x00000000     0x1053 build/main.o
 .debug_info    0x00001053      0x15b build/stm32l4xx_it.o
 .debug_info    0x000011ae      0xf1c build/stm32l4xx_hal_msp.o
 .debug_info    0x000020ca     0x53dd build/stm32l4xx_hal_uart.o
 .debug_info    0x000074a7      0xe26 build/stm32l4xx_hal.o
 .debug_info    0x000082cd     0x108c build/stm32l4xx_hal_rcc.o
 .debug_info    0x00009359     0x13d5 build/stm32l4xx_hal_rcc_ex.o
 .debug_info    0x0000a72e      0x91b build/stm32l4xx_hal_gpio.o
 .debug_info    0x0000b049      0xbcc build/stm32l4xx_hal_pwr_ex.o
 .debug_info    0x0000bc15     0x117a build/stm32l4xx_hal_cortex.o
 .debug_info    0x0000cd8f      0x671 build/system_stm32l4xx.o
 .debug_info    0x0000d400      0xf62 build/startup_stm32l476xx.o

.debug_abbrev   0x00000000     0x199d
 .debug_abbrev  0x00000000      0x248 build/main.o
 .debug_abbrev  0x00000248       0x81 build/stm32l4xx_it.o
 .debug_abbrev  0x000002c9      0x1d7 build/stm32l4xx_hal_msp.o
 .debug_abbrev  0x000004a0      0x316 build/stm32l4xx_hal_uart.o
 .debug_abbrev  0x000007b6      0x249 build/stm32l4xx_hal.o
 .debug_abbrev  0x000009ff      0x28e build/stm32l4xx_hal_rcc.o
 .debug_abbrev  0x00000c8d      0x2b0 build/stm32l4xx_hal_rcc_ex.o
 .debug_abbrev  0x00000f3d      0x222 build/stm32l4xx_hal_gpio.o
 .debug_abbrev  0x0000115f      0x234 build/stm32l4xx_hal_pwr_ex.o
 .debug_abbrev  0x00001393      0x382 build/stm32l4xx_hal_cortex.o
 .debug_abbrev  0x00001715      0x11b build/system_stm32l4xx.o
 .debug_abbrev  0x00001830      0x16d build/startup_stm32l476xx.o

.debug_loc      0x00000000     0xa2c9
 .debug_loc     0x00000000       0xbe build/main.o
 .debug_loc     0x000000be       0x20 build/stm32l4xx_it.o
 .debug_loc     0x000000de       0xf6 build/stm32l4xx_hal_msp.o
 .debug_loc     0x000001d4     0x52ef build/stm32l4xx_hal_uart.o
 .debug_loc     0x000054c3      0x2af build/stm32l4xx_hal.o
 .debug_loc     0x00005772      0x9ac build/stm32l4xx_hal_rcc.o
 .debug_loc     0x0000611e     0x1cf1 build/stm32l4xx_hal_rcc_ex.o
 .debug_loc     0x00007e0f      0x496 build/stm32l4xx_hal_gpio.o
 .debug_loc     0x000082a5      0xb66 build/stm32l4xx_hal_pwr_ex.o
 .debug_loc     0x00008e0b      0x7a4 build/stm32l4xx_hal_cortex.o
 .debug_loc     0x000095af      0x127 build/system_stm32l4xx.o
 .debug_loc     0x000096d6      0xbf3 build/startup_stm32l476xx.o

.debug_aranges  0x00000000      0xaf8
 .debug_aranges
                0x00000000       0x40 build/main.o
 .debug_aranges
                0x00000040       0x60 build/stm32l4xx_it.o
 .debug_aranges
                0x000000a0       0x30 build/stm32l4xx_hal_msp.o
 .debug_aranges
                0x000000d0      0x228 build/stm32l4xx_hal_uart.o
 .debug_aranges
                0x000002f8      0x130 build/stm32l4xx_hal.o
 .debug_aranges
                0x00000428       0x90 build/stm32l4xx_hal_rcc.o
 .debug_aranges
                0x000004b8       0xc0 build/stm32l4xx_hal_rcc_ex.o
 .debug_aranges
                0x00000578       0x58 build/stm32l4xx_hal_gpio.o
 .debug_aranges
                0x000005d0      0x160 build/stm32l4xx_hal_pwr_ex.o
 .debug_aranges
                0x00000730       0xa8 build/stm32l4xx_hal_cortex.o
 .debug_aranges
                0x000007d8       0x28 build/system_stm32l4xx.o
 .debug_aranges
                0x00000800      0x2f8 build/startup_stm32l476xx.o

.debug_ranges   0x00000000      0xae0
 .debug_ranges  0x00000000       0x30 build/main.o
 .debug_ranges  0x00000030       0x50 build/stm32l4xx_it.o
 .debug_ranges  0x00000080       0x20 build/stm32l4xx_hal_msp.o
 .debug_ranges  0x000000a0      0x230 build/stm32l4xx_hal_uart.o
 .debug_ranges  0x000002d0      0x120 build/stm32l4xx_hal.o
 .debug_ranges  0x000003f0       0x98 build/stm32l4xx_hal_rcc.o
 .debug_ranges  0x00000488       0xc8 build/stm32l4xx_hal_rcc_ex.o
 .debug_ranges  0x00000550       0x48 build/stm32l4xx_hal_gpio.o
 .debug_ranges  0x00000598      0x150 build/stm32l4xx_hal_pwr_ex.o
 .debug_ranges  0x000006e8       0xf8 build/stm32l4xx_hal_cortex.o
 .debug_ranges  0x000007e0       0x18 build/system_stm32l4xx.o
 .debug_ranges  0x000007f8      0x2e8 build/startup_stm32l476xx.o

.debug_line     0x00000000     0xa7dc
 .debug_line    0x00000000      0x444 build/main.o
 .debug_line    0x00000444      0x177 build/stm32l4xx_it.o
 .debug_line    0x000005bb      0x293 build/stm32l4xx_hal_msp.o
 .debug_line    0x0000084e     0x5227 build/stm32l4xx_hal_uart.o
 .debug_line    0x00005a75      0x655 build/stm32l4xx_hal.o
 .debug_line    0x000060ca      0xeb2 build/stm32l4xx_hal_rcc.o
 .debug_line    0x00006f7c     0x14e5 build/stm32l4xx_hal_rcc_ex.o
 .debug_line    0x00008461      0x688 build/stm32l4xx_hal_gpio.o
 .debug_line    0x00008ae9      0xa98 build/stm32l4xx_hal_pwr_ex.o
 .debug_line    0x00009581      0x72f build/stm32l4xx_hal_cortex.o
 .debug_line    0x00009cb0      0x254 build/system_stm32l4xx.o
 .debug_line    0x00009f04      0x8d8 build/startup_stm32l476xx.o

.debug_str      0x00000000     0x365e
 .debug_str     0x00000000      0x960 build/main.o
                                0xa02 (size before relaxing)
 .debug_str     0x00000960       0xb4 build/stm32l4xx_it.o
                                0x210 (size before relaxing)
 .debug_str     0x00000a14      0x301 build/stm32l4xx_hal_msp.o
                                0xa9e (size before relaxing)
 .debug_str     0x00000d15      0x866 build/stm32l4xx_hal_uart.o
                                0xfcd (size before relaxing)
 .debug_str     0x0000157b      0x9d4 build/stm32l4xx_hal.o
                                0xd3b (size before relaxing)
 .debug_str     0x00001f4f      0x263 build/stm32l4xx_hal_rcc.o
                                0x87d (size before relaxing)
 .debug_str     0x000021b2      0x33b build/stm32l4xx_hal_rcc_ex.o
                                0xa9c (size before relaxing)
 .debug_str     0x000024ed       0xc2 build/stm32l4xx_hal_gpio.o
                                0x521 (size before relaxing)
 .debug_str     0x000025af      0x537 build/stm32l4xx_hal_pwr_ex.o
                                0x830 (size before relaxing)
 .debug_str     0x00002ae6      0x44b build/stm32l4xx_hal_cortex.o
                                0xc01 (size before relaxing)
 .debug_str     0x00002f31       0x3d build/system_stm32l4xx.o
                                0x3ba (size before relaxing)
 .debug_str     0x00002f6e      0x6f0 build/startup_stm32l476xx.o
                                0x917 (size before relaxing)

.comment        0x00000000       0x49
 .comment       0x00000000       0x49 build/main.o
                                 0x4a (size before relaxing)
 .comment       0x00000049       0x4a build/stm32l4xx_it.o
 .comment       0x00000049       0x4a build/stm32l4xx_hal_msp.o
 .comment       0x00000049       0x4a build/stm32l4xx_hal_uart.o
 .comment       0x00000049       0x4a build/stm32l4xx_hal.o
 .comment       0x00000049       0x4a build/stm32l4xx_hal_rcc.o
 .comment       0x00000049       0x4a build/stm32l4xx_hal_rcc_ex.o
 .comment       0x00000049       0x4a build/stm32l4xx_hal_gpio.o
 .comment       0x00000049       0x4a build/stm32l4xx_hal_pwr_ex.o
 .comment       0x00000049       0x4a build/stm32l4xx_hal_cortex.o
 .comment       0x00000049       0x4a build/system_stm32l4xx.o
 .comment       0x00000049       0x4a build/startup_stm32l476xx.o

.debug_frame    0x00000000     0x1c04
 .debug_frame   0x00000000       0x90 build/main.o
 .debug_frame   0x00000090       0xa8 build/stm32l4xx_it.o
 .debug_frame   0x00000138       0x64 build/stm32l4xx_hal_msp.o
 .debug_frame   0x0000019c      0x600 build/stm32l4xx_hal_uart.o
 .debug_frame   0x0000079c      0x274 build/stm32l4xx_hal.o
 .debug_frame   0x00000a10      0x19c build/stm32l4xx_hal_rcc.o
 .debug_frame   0x00000bac      0x204 build/stm32l4xx_hal_rcc_ex.o
 .debug_frame   0x00000db0       0xd0 build/stm32l4xx_hal_gpio.o
 .debug_frame   0x00000e80      0x2b8 build/stm32l4xx_hal_pwr_ex.o
 .debug_frame   0x00001138      0x148 build/stm32l4xx_hal_cortex.o
 .debug_frame   0x00001280       0x30 build/system_stm32l4xx.o
 .debug_frame   0x000012b0      0x8a8 build/startup_stm32l476xx.o
 .debug_frame   0x00001b58       0x2c c:/gnu_arm_embedded/bin/../lib/gcc/arm-none-eabi/10.3.1/../../../../arm-none-eabi/lib/thumb/v7e-m+fp/hard\libc_nano.a(lib_a-init.o)
 .debug_frame   0x00001b84       0x20 c:/gnu_arm_embedded/bin/../lib/gcc/arm-none-eabi/10.3.1/../../../../arm-none-eabi/lib/thumb/v7e-m+fp/hard\libc_nano.a(lib_a-memset.o)
 .debug_frame   0x00001ba4       0x2c c:/gnu_arm_embedded/bin/../lib/gcc/arm-none-eabi/10.3.1/thumb/v7e-m+fp/hard\libgcc.a(_aeabi_uldivmod.o)
 .debug_frame   0x00001bd0       0x34 c:/gnu_arm_embedded/bin/../lib/gcc/arm-none-eabi/10.3.1/thumb/v7e-m+fp/hard\libgcc.a(_udivmoddi4.o)

Cross Reference Table

Symbol                                            File
ADC1_2_IRQHandler                                 build/startup_stm32l476xx.o
ADC3_IRQHandler                                   build/startup_stm32l476xx.o
AHBPrescTable                                     build/system_stm32l4xx.o
                                                  build/stm32l4xx_hal_rcc.o
APBPrescTable                                     build/system_stm32l4xx.o
                                                  build/stm32l4xx_hal_rcc.o
BusFault_Handler                                  build/stm32l4xx_it.o
CAN1_RX0_IRQHandler                               build/startup_stm32l476xx.o
CAN1_RX1_IRQHandler                               build/startup_stm32l476xx.o
CAN1_SCE_IRQHandler                               build/startup_stm32l476xx.o
CAN1_TX_IRQHandler                                build/startup_stm32l476xx.o
COMP_IRQHandler                                   build/startup_stm32l476xx.o
DFSDM1_FLT0_IRQHandler                            build/startup_stm32l476xx.o
DFSDM1_FLT1_IRQHandler                            build/startup_stm32l476xx.o
DFSDM1_FLT2_IRQHandler                            build/startup_stm32l476xx.o
DFSDM1_FLT3_IRQHandler                            build/startup_stm32l476xx.o
DMA1_Channel1_IRQHandler                          build/startup_stm32l476xx.o
DMA1_Channel2_IRQHandler                          build/startup_stm32l476xx.o
DMA1_Channel3_IRQHandler                          build/startup_stm32l476xx.o
DMA1_Channel4_IRQHandler                          build/startup_stm32l476xx.o
DMA1_Channel5_IRQHandler                          build/startup_stm32l476xx.o
DMA1_Channel6_IRQHandler                          build/startup_stm32l476xx.o
DMA1_Channel7_IRQHandler                          build/startup_stm32l476xx.o
DMA2_Channel1_IRQHandler                          build/startup_stm32l476xx.o
DMA2_Channel2_IRQHandler                          build/startup_stm32l476xx.o
DMA2_Channel3_IRQHandler                          build/startup_stm32l476xx.o
DMA2_Channel4_IRQHandler                          build/startup_stm32l476xx.o
DMA2_Channel5_IRQHandler                          build/startup_stm32l476xx.o
DMA2_Channel6_IRQHandler                          build/startup_stm32l476xx.o
DMA2_Channel7_IRQHandler                          build/startup_stm32l476xx.o
DebugMon_Handler                                  build/stm32l4xx_it.o
Default_Handler                                   build/startup_stm32l476xx.o
EXTI0_IRQHandler                                  build/startup_stm32l476xx.o
EXTI15_10_IRQHandler                              build/startup_stm32l476xx.o
EXTI1_IRQHandler                                  build/startup_stm32l476xx.o
EXTI2_IRQHandler                                  build/startup_stm32l476xx.o
EXTI3_IRQHandler                                  build/startup_stm32l476xx.o
EXTI4_IRQHandler                                  build/startup_stm32l476xx.o
EXTI9_5_IRQHandler                                build/startup_stm32l476xx.o
Error_Handler                                     build/main.o
                                                  build/stm32l4xx_hal_msp.o
FLASH_FlushCaches                                 build/stm32l4xx_hal_flash_ex.o
                                                  build/stm32l4xx_hal_flash.o
FLASH_IRQHandler                                  build/startup_stm32l476xx.o
FLASH_PageErase                                   build/stm32l4xx_hal_flash_ex.o
                                                  build/stm32l4xx_hal_flash.o
FLASH_WaitForLastOperation                        build/stm32l4xx_hal_flash.o
                                                  build/stm32l4xx_hal_flash_ex.o
FMC_IRQHandler                                    build/startup_stm32l476xx.o
FPU_IRQHandler                                    build/startup_stm32l476xx.o
HAL_DBGMCU_DisableDBGSleepMode                    build/stm32l4xx_hal.o
HAL_DBGMCU_DisableDBGStandbyMode                  build/stm32l4xx_hal.o
HAL_DBGMCU_DisableDBGStopMode                     build/stm32l4xx_hal.o
HAL_DBGMCU_EnableDBGSleepMode                     build/stm32l4xx_hal.o
HAL_DBGMCU_EnableDBGStandbyMode                   build/stm32l4xx_hal.o
HAL_DBGMCU_EnableDBGStopMode                      build/stm32l4xx_hal.o
HAL_DMA_Abort                                     build/stm32l4xx_hal_dma.o
                                                  build/stm32l4xx_hal_uart.o
HAL_DMA_Abort_IT                                  build/stm32l4xx_hal_dma.o
                                                  build/stm32l4xx_hal_i2c.o
                                                  build/stm32l4xx_hal_uart.o
HAL_DMA_DeInit                                    build/stm32l4xx_hal_dma.o
HAL_DMA_GetError                                  build/stm32l4xx_hal_dma.o
                                                  build/stm32l4xx_hal_uart.o
HAL_DMA_GetState                                  build/stm32l4xx_hal_dma.o
                                                  build/stm32l4xx_hal_i2c.o
HAL_DMA_IRQHandler                                build/stm32l4xx_hal_dma.o
HAL_DMA_Init                                      build/stm32l4xx_hal_dma.o
HAL_DMA_PollForTransfer                           build/stm32l4xx_hal_dma.o
HAL_DMA_RegisterCallback                          build/stm32l4xx_hal_dma.o
HAL_DMA_Start                                     build/stm32l4xx_hal_dma.o
HAL_DMA_Start_IT                                  build/stm32l4xx_hal_dma.o
                                                  build/stm32l4xx_hal_i2c.o
                                                  build/stm32l4xx_hal_uart.o
HAL_DMA_UnRegisterCallback                        build/stm32l4xx_hal_dma.o
HAL_DeInit                                        build/stm32l4xx_hal.o
HAL_Delay                                         build/stm32l4xx_hal.o
                                                  build/main.o
HAL_EXTI_ClearConfigLine                          build/stm32l4xx_hal_exti.o
HAL_EXTI_ClearPending                             build/stm32l4xx_hal_exti.o
HAL_EXTI_GenerateSWI                              build/stm32l4xx_hal_exti.o
HAL_EXTI_GetConfigLine                            build/stm32l4xx_hal_exti.o
HAL_EXTI_GetHandle                                build/stm32l4xx_hal_exti.o
HAL_EXTI_GetPending                               build/stm32l4xx_hal_exti.o
HAL_EXTI_IRQHandler                               build/stm32l4xx_hal_exti.o
HAL_EXTI_RegisterCallback                         build/stm32l4xx_hal_exti.o
HAL_EXTI_SetConfigLine                            build/stm32l4xx_hal_exti.o
HAL_FLASHEx_DisableRunPowerDown                   build/stm32l4xx_hal_flash_ramfunc.o
HAL_FLASHEx_EnableRunPowerDown                    build/stm32l4xx_hal_flash_ramfunc.o
HAL_FLASHEx_Erase                                 build/stm32l4xx_hal_flash_ex.o
HAL_FLASHEx_Erase_IT                              build/stm32l4xx_hal_flash_ex.o
HAL_FLASHEx_OBGetConfig                           build/stm32l4xx_hal_flash_ex.o
HAL_FLASHEx_OBProgram                             build/stm32l4xx_hal_flash_ex.o
HAL_FLASH_EndOfOperationCallback                  build/stm32l4xx_hal_flash.o
HAL_FLASH_GetError                                build/stm32l4xx_hal_flash.o
HAL_FLASH_IRQHandler                              build/stm32l4xx_hal_flash.o
HAL_FLASH_Lock                                    build/stm32l4xx_hal_flash.o
HAL_FLASH_OB_Launch                               build/stm32l4xx_hal_flash.o
HAL_FLASH_OB_Lock                                 build/stm32l4xx_hal_flash.o
HAL_FLASH_OB_Unlock                               build/stm32l4xx_hal_flash.o
HAL_FLASH_OperationErrorCallback                  build/stm32l4xx_hal_flash.o
HAL_FLASH_Program                                 build/stm32l4xx_hal_flash.o
HAL_FLASH_Program_IT                              build/stm32l4xx_hal_flash.o
HAL_FLASH_Unlock                                  build/stm32l4xx_hal_flash.o
HAL_GPIO_DeInit                                   build/stm32l4xx_hal_gpio.o
                                                  build/stm32l4xx_hal_msp.o
HAL_GPIO_EXTI_Callback                            build/stm32l4xx_hal_gpio.o
HAL_GPIO_EXTI_IRQHandler                          build/stm32l4xx_hal_gpio.o
HAL_GPIO_Init                                     build/stm32l4xx_hal_gpio.o
                                                  build/stm32l4xx_hal_rcc_ex.o
                                                  build/stm32l4xx_hal_rcc.o
                                                  build/stm32l4xx_hal_msp.o
                                                  build/main.o
HAL_GPIO_LockPin                                  build/stm32l4xx_hal_gpio.o
HAL_GPIO_ReadPin                                  build/stm32l4xx_hal_gpio.o
HAL_GPIO_TogglePin                                build/stm32l4xx_hal_gpio.o
                                                  build/main.o
HAL_GPIO_WritePin                                 build/stm32l4xx_hal_gpio.o
                                                  build/main.o
HAL_GetDEVID                                      build/stm32l4xx_hal.o
HAL_GetHalVersion                                 build/stm32l4xx_hal.o
HAL_GetREVID                                      build/stm32l4xx_hal.o
HAL_GetTick                                       build/stm32l4xx_hal.o
                                                  build/stm32l4xx_hal_dma.o
                                                  build/stm32l4xx_hal_flash.o
                                                  build/stm32l4xx_hal_rcc_ex.o
                                                  build/stm32l4xx_hal_rcc.o
                                                  build/stm32l4xx_hal_i2c.o
                                                  build/stm32l4xx_hal_uart_ex.o
                                                  build/stm32l4xx_hal_uart.o
HAL_GetTickFreq                                   build/stm32l4xx_hal.o
HAL_GetTickPrio                                   build/stm32l4xx_hal.o
HAL_GetUIDw0                                      build/stm32l4xx_hal.o
HAL_GetUIDw1                                      build/stm32l4xx_hal.o
HAL_GetUIDw2                                      build/stm32l4xx_hal.o
HAL_HalfDuplex_EnableReceiver                     build/stm32l4xx_hal_uart.o
HAL_HalfDuplex_EnableTransmitter                  build/stm32l4xx_hal_uart.o
HAL_HalfDuplex_Init                               build/stm32l4xx_hal_uart.o
HAL_I2CEx_ConfigAnalogFilter                      build/stm32l4xx_hal_i2c_ex.o
HAL_I2CEx_ConfigDigitalFilter                     build/stm32l4xx_hal_i2c_ex.o
HAL_I2CEx_DisableFastModePlus                     build/stm32l4xx_hal_i2c_ex.o
HAL_I2CEx_DisableWakeUp                           build/stm32l4xx_hal_i2c_ex.o
HAL_I2CEx_EnableFastModePlus                      build/stm32l4xx_hal_i2c_ex.o
HAL_I2CEx_EnableWakeUp                            build/stm32l4xx_hal_i2c_ex.o
HAL_I2C_AbortCpltCallback                         build/stm32l4xx_hal_i2c.o
HAL_I2C_AddrCallback                              build/stm32l4xx_hal_i2c.o
HAL_I2C_DeInit                                    build/stm32l4xx_hal_i2c.o
HAL_I2C_DisableListen_IT                          build/stm32l4xx_hal_i2c.o
HAL_I2C_ER_IRQHandler                             build/stm32l4xx_hal_i2c.o
HAL_I2C_EV_IRQHandler                             build/stm32l4xx_hal_i2c.o
HAL_I2C_EnableListen_IT                           build/stm32l4xx_hal_i2c.o
HAL_I2C_ErrorCallback                             build/stm32l4xx_hal_i2c.o
HAL_I2C_GetError                                  build/stm32l4xx_hal_i2c.o
HAL_I2C_GetMode                                   build/stm32l4xx_hal_i2c.o
HAL_I2C_GetState                                  build/stm32l4xx_hal_i2c.o
HAL_I2C_Init                                      build/stm32l4xx_hal_i2c.o
HAL_I2C_IsDeviceReady                             build/stm32l4xx_hal_i2c.o
HAL_I2C_ListenCpltCallback                        build/stm32l4xx_hal_i2c.o
HAL_I2C_MasterRxCpltCallback                      build/stm32l4xx_hal_i2c.o
HAL_I2C_MasterTxCpltCallback                      build/stm32l4xx_hal_i2c.o
HAL_I2C_Master_Abort_IT                           build/stm32l4xx_hal_i2c.o
HAL_I2C_Master_Receive                            build/stm32l4xx_hal_i2c.o
HAL_I2C_Master_Receive_DMA                        build/stm32l4xx_hal_i2c.o
HAL_I2C_Master_Receive_IT                         build/stm32l4xx_hal_i2c.o
HAL_I2C_Master_Seq_Receive_DMA                    build/stm32l4xx_hal_i2c.o
HAL_I2C_Master_Seq_Receive_IT                     build/stm32l4xx_hal_i2c.o
HAL_I2C_Master_Seq_Transmit_DMA                   build/stm32l4xx_hal_i2c.o
HAL_I2C_Master_Seq_Transmit_IT                    build/stm32l4xx_hal_i2c.o
HAL_I2C_Master_Transmit                           build/stm32l4xx_hal_i2c.o
HAL_I2C_Master_Transmit_DMA                       build/stm32l4xx_hal_i2c.o
HAL_I2C_Master_Transmit_IT                        build/stm32l4xx_hal_i2c.o
HAL_I2C_MemRxCpltCallback                         build/stm32l4xx_hal_i2c.o
HAL_I2C_MemTxCpltCallback                         build/stm32l4xx_hal_i2c.o
HAL_I2C_Mem_Read                                  build/stm32l4xx_hal_i2c.o
HAL_I2C_Mem_Read_DMA                              build/stm32l4xx_hal_i2c.o
HAL_I2C_Mem_Read_IT                               build/stm32l4xx_hal_i2c.o
HAL_I2C_Mem_Write                                 build/stm32l4xx_hal_i2c.o
HAL_I2C_Mem_Write_DMA                             build/stm32l4xx_hal_i2c.o
HAL_I2C_Mem_Write_IT                              build/stm32l4xx_hal_i2c.o
HAL_I2C_MspDeInit                                 build/stm32l4xx_hal_i2c.o
HAL_I2C_MspInit                                   build/stm32l4xx_hal_i2c.o
HAL_I2C_SlaveRxCpltCallback                       build/stm32l4xx_hal_i2c.o
HAL_I2C_SlaveTxCpltCallback                       build/stm32l4xx_hal_i2c.o
HAL_I2C_Slave_Receive                             build/stm32l4xx_hal_i2c.o
HAL_I2C_Slave_Receive_DMA                         build/stm32l4xx_hal_i2c.o
HAL_I2C_Slave_Receive_IT                          build/stm32l4xx_hal_i2c.o
HAL_I2C_Slave_Seq_Receive_DMA                     build/stm32l4xx_hal_i2c.o
HAL_I2C_Slave_Seq_Receive_IT                      build/stm32l4xx_hal_i2c.o
HAL_I2C_Slave_Seq_Transmit_DMA                    build/stm32l4xx_hal_i2c.o
HAL_I2C_Slave_Seq_Transmit_IT                     build/stm32l4xx_hal_i2c.o
HAL_I2C_Slave_Transmit                            build/stm32l4xx_hal_i2c.o
HAL_I2C_Slave_Transmit_DMA                        build/stm32l4xx_hal_i2c.o
HAL_I2C_Slave_Transmit_IT                         build/stm32l4xx_hal_i2c.o
HAL_IncTick                                       build/stm32l4xx_hal.o
                                                  build/stm32l4xx_it.o
HAL_Init                                          build/stm32l4xx_hal.o
                                                  build/main.o
HAL_InitTick                                      build/stm32l4xx_hal.o
                                                  build/stm32l4xx_hal_rcc.o
HAL_LIN_Init                                      build/stm32l4xx_hal_uart.o
HAL_LIN_SendBreak                                 build/stm32l4xx_hal_uart.o
HAL_MPU_ConfigRegion                              build/stm32l4xx_hal_cortex.o
HAL_MPU_Disable                                   build/stm32l4xx_hal_cortex.o
HAL_MPU_Enable                                    build/stm32l4xx_hal_cortex.o
HAL_MspDeInit                                     build/stm32l4xx_hal.o
HAL_MspInit                                       build/stm32l4xx_hal_msp.o
HAL_MultiProcessorEx_AddressLength_Set            build/stm32l4xx_hal_uart_ex.o
HAL_MultiProcessor_DisableMuteMode                build/stm32l4xx_hal_uart.o
HAL_MultiProcessor_EnableMuteMode                 build/stm32l4xx_hal_uart.o
HAL_MultiProcessor_EnterMuteMode                  build/stm32l4xx_hal_uart.o
HAL_MultiProcessor_Init                           build/stm32l4xx_hal_uart.o
HAL_NVIC_ClearPendingIRQ                          build/stm32l4xx_hal_cortex.o
HAL_NVIC_DisableIRQ                               build/stm32l4xx_hal_cortex.o
HAL_NVIC_EnableIRQ                                build/stm32l4xx_hal_cortex.o
HAL_NVIC_GetActive                                build/stm32l4xx_hal_cortex.o
HAL_NVIC_GetPendingIRQ                            build/stm32l4xx_hal_cortex.o
HAL_NVIC_GetPriority                              build/stm32l4xx_hal_cortex.o
HAL_NVIC_GetPriorityGrouping                      build/stm32l4xx_hal_cortex.o
HAL_NVIC_SetPendingIRQ                            build/stm32l4xx_hal_cortex.o
HAL_NVIC_SetPriority                              build/stm32l4xx_hal_cortex.o
                                                  build/stm32l4xx_hal.o
HAL_NVIC_SetPriorityGrouping                      build/stm32l4xx_hal_cortex.o
                                                  build/stm32l4xx_hal.o
HAL_NVIC_SystemReset                              build/stm32l4xx_hal_cortex.o
HAL_PWREx_ConfigPVM                               build/stm32l4xx_hal_pwr_ex.o
HAL_PWREx_ControlVoltageScaling                   build/stm32l4xx_hal_pwr_ex.o
                                                  build/main.o
HAL_PWREx_DisableBatteryCharging                  build/stm32l4xx_hal_pwr_ex.o
HAL_PWREx_DisableExtSMPS_0V95                     build/stm32l4xx_hal_pwr_ex.o
HAL_PWREx_DisableGPIOPullDown                     build/stm32l4xx_hal_pwr_ex.o
HAL_PWREx_DisableGPIOPullUp                       build/stm32l4xx_hal_pwr_ex.o
HAL_PWREx_DisableInternalWakeUpLine               build/stm32l4xx_hal_pwr_ex.o
HAL_PWREx_DisableLowPowerRunMode                  build/stm32l4xx_hal_pwr_ex.o
                                                  build/stm32l4xx_hal_pwr.o
HAL_PWREx_DisablePVM1                             build/stm32l4xx_hal_pwr_ex.o
HAL_PWREx_DisablePVM2                             build/stm32l4xx_hal_pwr_ex.o
HAL_PWREx_DisablePVM3                             build/stm32l4xx_hal_pwr_ex.o
HAL_PWREx_DisablePVM4                             build/stm32l4xx_hal_pwr_ex.o
HAL_PWREx_DisablePullUpPullDownConfig             build/stm32l4xx_hal_pwr_ex.o
HAL_PWREx_DisableSRAM2ContentRetention            build/stm32l4xx_hal_pwr_ex.o
HAL_PWREx_DisableVddIO2                           build/stm32l4xx_hal_pwr_ex.o
HAL_PWREx_DisableVddUSB                           build/stm32l4xx_hal_pwr_ex.o
HAL_PWREx_EnableBatteryCharging                   build/stm32l4xx_hal_pwr_ex.o
HAL_PWREx_EnableExtSMPS_0V95                      build/stm32l4xx_hal_pwr_ex.o
HAL_PWREx_EnableGPIOPullDown                      build/stm32l4xx_hal_pwr_ex.o
HAL_PWREx_EnableGPIOPullUp                        build/stm32l4xx_hal_pwr_ex.o
HAL_PWREx_EnableInternalWakeUpLine                build/stm32l4xx_hal_pwr_ex.o
HAL_PWREx_EnableLowPowerRunMode                   build/stm32l4xx_hal_pwr_ex.o
                                                  build/stm32l4xx_hal_pwr.o
HAL_PWREx_EnablePVM1                              build/stm32l4xx_hal_pwr_ex.o
HAL_PWREx_EnablePVM2                              build/stm32l4xx_hal_pwr_ex.o
HAL_PWREx_EnablePVM3                              build/stm32l4xx_hal_pwr_ex.o
HAL_PWREx_EnablePVM4                              build/stm32l4xx_hal_pwr_ex.o
HAL_PWREx_EnablePullUpPullDownConfig              build/stm32l4xx_hal_pwr_ex.o
HAL_PWREx_EnableSRAM2ContentRetention             build/stm32l4xx_hal_pwr_ex.o
HAL_PWREx_EnableVddIO2                            build/stm32l4xx_hal_pwr_ex.o
HAL_PWREx_EnableVddUSB                            build/stm32l4xx_hal_pwr_ex.o
HAL_PWREx_EnterSHUTDOWNMode                       build/stm32l4xx_hal_pwr_ex.o
HAL_PWREx_EnterSTOP0Mode                          build/stm32l4xx_hal_pwr_ex.o
                                                  build/stm32l4xx_hal_pwr.o
HAL_PWREx_EnterSTOP1Mode                          build/stm32l4xx_hal_pwr_ex.o
                                                  build/stm32l4xx_hal_pwr.o
HAL_PWREx_EnterSTOP2Mode                          build/stm32l4xx_hal_pwr_ex.o
HAL_PWREx_GetVoltageRange                         build/stm32l4xx_hal_pwr_ex.o
                                                  build/stm32l4xx_hal_rcc.o
HAL_PWREx_PVD_PVM_IRQHandler                      build/stm32l4xx_hal_pwr_ex.o
HAL_PWREx_PVM1Callback                            build/stm32l4xx_hal_pwr_ex.o
HAL_PWREx_PVM2Callback                            build/stm32l4xx_hal_pwr_ex.o
HAL_PWREx_PVM3Callback                            build/stm32l4xx_hal_pwr_ex.o
HAL_PWREx_PVM4Callback                            build/stm32l4xx_hal_pwr_ex.o
HAL_PWREx_SetSRAM2ContentRetention                build/stm32l4xx_hal_pwr_ex.o
HAL_PWR_ConfigPVD                                 build/stm32l4xx_hal_pwr.o
HAL_PWR_DeInit                                    build/stm32l4xx_hal_pwr.o
HAL_PWR_DisableBkUpAccess                         build/stm32l4xx_hal_pwr.o
                                                  build/stm32l4xx_hal_rcc_ex.o
HAL_PWR_DisablePVD                                build/stm32l4xx_hal_pwr.o
HAL_PWR_DisableSEVOnPend                          build/stm32l4xx_hal_pwr.o
HAL_PWR_DisableSleepOnExit                        build/stm32l4xx_hal_pwr.o
HAL_PWR_DisableWakeUpPin                          build/stm32l4xx_hal_pwr.o
HAL_PWR_EnableBkUpAccess                          build/stm32l4xx_hal_pwr.o
                                                  build/stm32l4xx_hal_rcc_ex.o
HAL_PWR_EnablePVD                                 build/stm32l4xx_hal_pwr.o
HAL_PWR_EnableSEVOnPend                           build/stm32l4xx_hal_pwr.o
HAL_PWR_EnableSleepOnExit                         build/stm32l4xx_hal_pwr.o
HAL_PWR_EnableWakeUpPin                           build/stm32l4xx_hal_pwr.o
HAL_PWR_EnterSLEEPMode                            build/stm32l4xx_hal_pwr.o
HAL_PWR_EnterSTANDBYMode                          build/stm32l4xx_hal_pwr.o
HAL_PWR_EnterSTOPMode                             build/stm32l4xx_hal_pwr.o
HAL_PWR_PVDCallback                               build/stm32l4xx_hal_pwr.o
                                                  build/stm32l4xx_hal_pwr_ex.o
HAL_RCCEx_DisableLSCO                             build/stm32l4xx_hal_rcc_ex.o
HAL_RCCEx_DisableLSECSS                           build/stm32l4xx_hal_rcc_ex.o
HAL_RCCEx_DisableMSIPLLMode                       build/stm32l4xx_hal_rcc_ex.o
HAL_RCCEx_DisablePLLSAI1                          build/stm32l4xx_hal_rcc_ex.o
HAL_RCCEx_DisablePLLSAI2                          build/stm32l4xx_hal_rcc_ex.o
HAL_RCCEx_EnableLSCO                              build/stm32l4xx_hal_rcc_ex.o
HAL_RCCEx_EnableLSECSS                            build/stm32l4xx_hal_rcc_ex.o
HAL_RCCEx_EnableLSECSS_IT                         build/stm32l4xx_hal_rcc_ex.o
HAL_RCCEx_EnableMSIPLLMode                        build/stm32l4xx_hal_rcc_ex.o
HAL_RCCEx_EnablePLLSAI1                           build/stm32l4xx_hal_rcc_ex.o
HAL_RCCEx_EnablePLLSAI2                           build/stm32l4xx_hal_rcc_ex.o
HAL_RCCEx_GetPeriphCLKConfig                      build/stm32l4xx_hal_rcc_ex.o
HAL_RCCEx_GetPeriphCLKFreq                        build/stm32l4xx_hal_rcc_ex.o
HAL_RCCEx_LSECSS_Callback                         build/stm32l4xx_hal_rcc_ex.o
HAL_RCCEx_LSECSS_IRQHandler                       build/stm32l4xx_hal_rcc_ex.o
HAL_RCCEx_PeriphCLKConfig                         build/stm32l4xx_hal_rcc_ex.o
                                                  build/stm32l4xx_hal_msp.o
HAL_RCCEx_StandbyMSIRangeConfig                   build/stm32l4xx_hal_rcc_ex.o
HAL_RCCEx_WakeUpStopCLKConfig                     build/stm32l4xx_hal_rcc_ex.o
HAL_RCC_CSSCallback                               build/stm32l4xx_hal_rcc.o
HAL_RCC_ClockConfig                               build/stm32l4xx_hal_rcc.o
                                                  build/main.o
HAL_RCC_DeInit                                    build/stm32l4xx_hal_rcc.o
HAL_RCC_EnableCSS                                 build/stm32l4xx_hal_rcc.o
HAL_RCC_GetClockConfig                            build/stm32l4xx_hal_rcc.o
HAL_RCC_GetHCLKFreq                               build/stm32l4xx_hal_rcc.o
HAL_RCC_GetOscConfig                              build/stm32l4xx_hal_rcc.o
HAL_RCC_GetPCLK1Freq                              build/stm32l4xx_hal_rcc.o
                                                  build/stm32l4xx_hal_rcc_ex.o
                                                  build/stm32l4xx_hal_uart.o
HAL_RCC_GetPCLK2Freq                              build/stm32l4xx_hal_rcc.o
                                                  build/stm32l4xx_hal_rcc_ex.o
                                                  build/stm32l4xx_hal_uart.o
HAL_RCC_GetResetSource                            build/stm32l4xx_hal_rcc.o
HAL_RCC_GetSysClockFreq                           build/stm32l4xx_hal_rcc.o
                                                  build/stm32l4xx_hal_rcc_ex.o
                                                  build/stm32l4xx_hal_uart.o
HAL_RCC_MCOConfig                                 build/stm32l4xx_hal_rcc.o
HAL_RCC_NMI_IRQHandler                            build/stm32l4xx_hal_rcc.o
HAL_RCC_OscConfig                                 build/stm32l4xx_hal_rcc.o
                                                  build/main.o
HAL_RS485Ex_Init                                  build/stm32l4xx_hal_uart_ex.o
HAL_ResumeTick                                    build/stm32l4xx_hal.o
HAL_SYSCFG_DisableIOAnalogSwitchBooster           build/stm32l4xx_hal.o
HAL_SYSCFG_DisableMemorySwappingBank              build/stm32l4xx_hal.o
HAL_SYSCFG_DisableVREFBUF                         build/stm32l4xx_hal.o
HAL_SYSCFG_EnableIOAnalogSwitchBooster            build/stm32l4xx_hal.o
HAL_SYSCFG_EnableMemorySwappingBank               build/stm32l4xx_hal.o
HAL_SYSCFG_EnableVREFBUF                          build/stm32l4xx_hal.o
HAL_SYSCFG_SRAM2Erase                             build/stm32l4xx_hal.o
HAL_SYSCFG_VREFBUF_HighImpedanceConfig            build/stm32l4xx_hal.o
HAL_SYSCFG_VREFBUF_TrimmingConfig                 build/stm32l4xx_hal.o
HAL_SYSCFG_VREFBUF_VoltageScalingConfig           build/stm32l4xx_hal.o
HAL_SYSTICK_CLKSourceConfig                       build/stm32l4xx_hal_cortex.o
HAL_SYSTICK_Callback                              build/stm32l4xx_hal_cortex.o
HAL_SYSTICK_Config                                build/stm32l4xx_hal_cortex.o
                                                  build/stm32l4xx_hal.o
HAL_SYSTICK_IRQHandler                            build/stm32l4xx_hal_cortex.o
HAL_SetTickFreq                                   build/stm32l4xx_hal.o
HAL_SuspendTick                                   build/stm32l4xx_hal.o
HAL_UARTEx_DisableClockStopMode                   build/stm32l4xx_hal_uart_ex.o
HAL_UARTEx_DisableStopMode                        build/stm32l4xx_hal_uart_ex.o
HAL_UARTEx_EnableClockStopMode                    build/stm32l4xx_hal_uart_ex.o
HAL_UARTEx_EnableStopMode                         build/stm32l4xx_hal_uart_ex.o
HAL_UARTEx_ReceiveToIdle                          build/stm32l4xx_hal_uart_ex.o
HAL_UARTEx_ReceiveToIdle_DMA                      build/stm32l4xx_hal_uart_ex.o
HAL_UARTEx_ReceiveToIdle_IT                       build/stm32l4xx_hal_uart_ex.o
HAL_UARTEx_RxEventCallback                        build/stm32l4xx_hal_uart.o
HAL_UARTEx_StopModeWakeUpSourceConfig             build/stm32l4xx_hal_uart_ex.o
HAL_UARTEx_WakeupCallback                         build/stm32l4xx_hal_uart_ex.o
                                                  build/stm32l4xx_hal_uart.o
HAL_UART_Abort                                    build/stm32l4xx_hal_uart.o
HAL_UART_AbortCpltCallback                        build/stm32l4xx_hal_uart.o
HAL_UART_AbortReceive                             build/stm32l4xx_hal_uart.o
HAL_UART_AbortReceiveCpltCallback                 build/stm32l4xx_hal_uart.o
HAL_UART_AbortReceive_IT                          build/stm32l4xx_hal_uart.o
HAL_UART_AbortTransmit                            build/stm32l4xx_hal_uart.o
HAL_UART_AbortTransmitCpltCallback                build/stm32l4xx_hal_uart.o
HAL_UART_AbortTransmit_IT                         build/stm32l4xx_hal_uart.o
HAL_UART_Abort_IT                                 build/stm32l4xx_hal_uart.o
HAL_UART_DMAPause                                 build/stm32l4xx_hal_uart.o
HAL_UART_DMAResume                                build/stm32l4xx_hal_uart.o
HAL_UART_DMAStop                                  build/stm32l4xx_hal_uart.o
HAL_UART_DeInit                                   build/stm32l4xx_hal_uart.o
HAL_UART_DisableReceiverTimeout                   build/stm32l4xx_hal_uart.o
HAL_UART_EnableReceiverTimeout                    build/stm32l4xx_hal_uart.o
HAL_UART_ErrorCallback                            build/stm32l4xx_hal_uart.o
HAL_UART_GetError                                 build/stm32l4xx_hal_uart.o
HAL_UART_GetState                                 build/stm32l4xx_hal_uart.o
HAL_UART_IRQHandler                               build/stm32l4xx_hal_uart.o
HAL_UART_Init                                     build/stm32l4xx_hal_uart.o
                                                  build/main.o
HAL_UART_MspDeInit                                build/stm32l4xx_hal_msp.o
HAL_UART_MspInit                                  build/stm32l4xx_hal_msp.o
                                                  build/stm32l4xx_hal_uart_ex.o
HAL_UART_Receive                                  build/stm32l4xx_hal_uart.o
HAL_UART_Receive_DMA                              build/stm32l4xx_hal_uart.o
HAL_UART_Receive_IT                               build/stm32l4xx_hal_uart.o
HAL_UART_ReceiverTimeout_Config                   build/stm32l4xx_hal_uart.o
HAL_UART_RxCpltCallback                           build/stm32l4xx_hal_uart.o
HAL_UART_RxHalfCpltCallback                       build/stm32l4xx_hal_uart.o
HAL_UART_Transmit                                 build/stm32l4xx_hal_uart.o
                                                  build/main.o
HAL_UART_Transmit_DMA                             build/stm32l4xx_hal_uart.o
HAL_UART_Transmit_IT                              build/stm32l4xx_hal_uart.o
HAL_UART_TxCpltCallback                           build/stm32l4xx_hal_uart.o
HAL_UART_TxHalfCpltCallback                       build/stm32l4xx_hal_uart.o
HardFault_Handler                                 build/stm32l4xx_it.o
I2C1_ER_IRQHandler                                build/startup_stm32l476xx.o
I2C1_EV_IRQHandler                                build/startup_stm32l476xx.o
I2C2_ER_IRQHandler                                build/startup_stm32l476xx.o
I2C2_EV_IRQHandler                                build/startup_stm32l476xx.o
I2C3_ER_IRQHandler                                build/startup_stm32l476xx.o
I2C3_EV_IRQHandler                                build/startup_stm32l476xx.o
LCD_IRQHandler                                    build/startup_stm32l476xx.o
LPTIM1_IRQHandler                                 build/startup_stm32l476xx.o
LPTIM2_IRQHandler                                 build/startup_stm32l476xx.o
LPUART1_IRQHandler                                build/startup_stm32l476xx.o
MSIRangeTable                                     build/system_stm32l4xx.o
                                                  build/stm32l4xx_hal_rcc_ex.o
                                                  build/stm32l4xx_hal_rcc.o
MemManage_Handler                                 build/stm32l4xx_it.o
NMI_Handler                                       build/stm32l4xx_it.o
OTG_FS_IRQHandler                                 build/startup_stm32l476xx.o
PVD_PVM_IRQHandler                                build/startup_stm32l476xx.o
PendSV_Handler                                    build/stm32l4xx_it.o
QUADSPI_IRQHandler                                build/startup_stm32l476xx.o
RCC_IRQHandler                                    build/startup_stm32l476xx.o
RNG_IRQHandler                                    build/startup_stm32l476xx.o
RTC_Alarm_IRQHandler                              build/startup_stm32l476xx.o
RTC_WKUP_IRQHandler                               build/startup_stm32l476xx.o
Reset_Handler                                     build/startup_stm32l476xx.o
SAI1_IRQHandler                                   build/startup_stm32l476xx.o
SAI2_IRQHandler                                   build/startup_stm32l476xx.o
SDMMC1_IRQHandler                                 build/startup_stm32l476xx.o
SPI1_IRQHandler                                   build/startup_stm32l476xx.o
SPI2_IRQHandler                                   build/startup_stm32l476xx.o
SPI3_IRQHandler                                   build/startup_stm32l476xx.o
SVC_Handler                                       build/stm32l4xx_it.o
SWPMI1_IRQHandler                                 build/startup_stm32l476xx.o
SysTick_Handler                                   build/stm32l4xx_it.o
SystemClock_Config                                build/main.o
SystemCoreClock                                   build/system_stm32l4xx.o
                                                  build/stm32l4xx_hal_pwr_ex.o
                                                  build/stm32l4xx_hal_rcc.o
                                                  build/stm32l4xx_hal.o
SystemCoreClockUpdate                             build/system_stm32l4xx.o
SystemInit                                        build/system_stm32l4xx.o
                                                  build/startup_stm32l476xx.o
TAMP_STAMP_IRQHandler                             build/startup_stm32l476xx.o
TIM1_BRK_TIM15_IRQHandler                         build/startup_stm32l476xx.o
TIM1_CC_IRQHandler                                build/startup_stm32l476xx.o
TIM1_TRG_COM_TIM17_IRQHandler                     build/startup_stm32l476xx.o
TIM1_UP_TIM16_IRQHandler                          build/startup_stm32l476xx.o
TIM2_IRQHandler                                   build/startup_stm32l476xx.o
TIM3_IRQHandler                                   build/startup_stm32l476xx.o
TIM4_IRQHandler                                   build/startup_stm32l476xx.o
TIM5_IRQHandler                                   build/startup_stm32l476xx.o
TIM6_DAC_IRQHandler                               build/startup_stm32l476xx.o
TIM7_IRQHandler                                   build/startup_stm32l476xx.o
TIM8_BRK_IRQHandler                               build/startup_stm32l476xx.o
TIM8_CC_IRQHandler                                build/startup_stm32l476xx.o
TIM8_TRG_COM_IRQHandler                           build/startup_stm32l476xx.o
TIM8_UP_IRQHandler                                build/startup_stm32l476xx.o
TSC_IRQHandler                                    build/startup_stm32l476xx.o
UART4_IRQHandler                                  build/startup_stm32l476xx.o
UART5_IRQHandler                                  build/startup_stm32l476xx.o
UART_AdvFeatureConfig                             build/stm32l4xx_hal_uart.o
                                                  build/stm32l4xx_hal_uart_ex.o
UART_CheckIdleState                               build/stm32l4xx_hal_uart.o
                                                  build/stm32l4xx_hal_uart_ex.o
UART_SetConfig                                    build/stm32l4xx_hal_uart.o
                                                  build/stm32l4xx_hal_uart_ex.o
UART_Start_Receive_DMA                            build/stm32l4xx_hal_uart.o
                                                  build/stm32l4xx_hal_uart_ex.o
UART_Start_Receive_IT                             build/stm32l4xx_hal_uart.o
                                                  build/stm32l4xx_hal_uart_ex.o
UART_WaitOnFlagUntilTimeout                       build/stm32l4xx_hal_uart.o
                                                  build/stm32l4xx_hal_uart_ex.o
USART1_IRQHandler                                 build/startup_stm32l476xx.o
USART2_IRQHandler                                 build/startup_stm32l476xx.o
USART3_IRQHandler                                 build/startup_stm32l476xx.o
UsageFault_Handler                                build/stm32l4xx_it.o
VectorTable                                       build/startup_stm32l476xx.o
WWDG_IRQHandler                                   build/startup_stm32l476xx.o
__aeabi_idiv0                                     c:/gnu_arm_embedded/bin/../lib/gcc/arm-none-eabi/10.3.1/thumb/v7e-m+fp/hard\libgcc.a(_dvmd_tls.o)
__aeabi_ldiv0                                     c:/gnu_arm_embedded/bin/../lib/gcc/arm-none-eabi/10.3.1/thumb/v7e-m+fp/hard\libgcc.a(_dvmd_tls.o)
                                                  c:/gnu_arm_embedded/bin/../lib/gcc/arm-none-eabi/10.3.1/thumb/v7e-m+fp/hard\libgcc.a(_aeabi_uldivmod.o)
__aeabi_uldivmod                                  c:/gnu_arm_embedded/bin/../lib/gcc/arm-none-eabi/10.3.1/thumb/v7e-m+fp/hard\libgcc.a(_aeabi_uldivmod.o)
                                                  build/stm32l4xx_hal_uart.o
__bss_end__                                       c:/gnu_arm_embedded/bin/../lib/gcc/arm-none-eabi/10.3.1/../../../../arm-none-eabi/lib/thumb/v7e-m+fp/hard/crt0.o
__bss_start__                                     c:/gnu_arm_embedded/bin/../lib/gcc/arm-none-eabi/10.3.1/../../../../arm-none-eabi/lib/thumb/v7e-m+fp/hard/crt0.o
__call_exitprocs                                  c:/gnu_arm_embedded/bin/../lib/gcc/arm-none-eabi/10.3.1/../../../../arm-none-eabi/lib/thumb/v7e-m+fp/hard\libc_nano.a(lib_a-exit.o)
__deregister_frame_info                           c:/gnu_arm_embedded/bin/../lib/gcc/arm-none-eabi/10.3.1/thumb/v7e-m+fp/hard/crtbegin.o
__dso_handle                                      c:/gnu_arm_embedded/bin/../lib/gcc/arm-none-eabi/10.3.1/thumb/v7e-m+fp/hard/crtbegin.o
__init_array_end                                  c:/gnu_arm_embedded/bin/../lib/gcc/arm-none-eabi/10.3.1/../../../../arm-none-eabi/lib/thumb/v7e-m+fp/hard\libc_nano.a(lib_a-init.o)
__init_array_start                                c:/gnu_arm_embedded/bin/../lib/gcc/arm-none-eabi/10.3.1/../../../../arm-none-eabi/lib/thumb/v7e-m+fp/hard\libc_nano.a(lib_a-init.o)
__libc_fini_array                                 c:/gnu_arm_embedded/bin/../lib/gcc/arm-none-eabi/10.3.1/../../../../arm-none-eabi/lib/thumb/v7e-m+fp/hard/crt0.o
__libc_init_array                                 c:/gnu_arm_embedded/bin/../lib/gcc/arm-none-eabi/10.3.1/../../../../arm-none-eabi/lib/thumb/v7e-m+fp/hard\libc_nano.a(lib_a-init.o)
                                                  build/startup_stm32l476xx.o
                                                  c:/gnu_arm_embedded/bin/../lib/gcc/arm-none-eabi/10.3.1/../../../../arm-none-eabi/lib/thumb/v7e-m+fp/hard/crt0.o
__preinit_array_end                               c:/gnu_arm_embedded/bin/../lib/gcc/arm-none-eabi/10.3.1/../../../../arm-none-eabi/lib/thumb/v7e-m+fp/hard\libc_nano.a(lib_a-init.o)
__preinit_array_start                             c:/gnu_arm_embedded/bin/../lib/gcc/arm-none-eabi/10.3.1/../../../../arm-none-eabi/lib/thumb/v7e-m+fp/hard\libc_nano.a(lib_a-init.o)
__register_frame_info                             c:/gnu_arm_embedded/bin/../lib/gcc/arm-none-eabi/10.3.1/thumb/v7e-m+fp/hard/crtbegin.o
__sf_fake_stderr                                  c:/gnu_arm_embedded/bin/../lib/gcc/arm-none-eabi/10.3.1/../../../../arm-none-eabi/lib/thumb/v7e-m+fp/hard\libc_nano.a(lib_a-impure.o)
__sf_fake_stdin                                   c:/gnu_arm_embedded/bin/../lib/gcc/arm-none-eabi/10.3.1/../../../../arm-none-eabi/lib/thumb/v7e-m+fp/hard\libc_nano.a(lib_a-impure.o)
__sf_fake_stdout                                  c:/gnu_arm_embedded/bin/../lib/gcc/arm-none-eabi/10.3.1/../../../../arm-none-eabi/lib/thumb/v7e-m+fp/hard\libc_nano.a(lib_a-impure.o)
__stack                                           c:/gnu_arm_embedded/bin/../lib/gcc/arm-none-eabi/10.3.1/../../../../arm-none-eabi/lib/thumb/v7e-m+fp/hard/crt0.o
__udivmoddi4                                      c:/gnu_arm_embedded/bin/../lib/gcc/arm-none-eabi/10.3.1/thumb/v7e-m+fp/hard\libgcc.a(_udivmoddi4.o)
                                                  c:/gnu_arm_embedded/bin/../lib/gcc/arm-none-eabi/10.3.1/thumb/v7e-m+fp/hard\libgcc.a(_aeabi_uldivmod.o)
_ebss                                             build/startup_stm32l476xx.o
_edata                                            build/startup_stm32l476xx.o
_estack                                           build/startup_stm32l476xx.o
_exit                                             c:/gnu_arm_embedded/bin/../lib/gcc/arm-none-eabi/10.3.1/../../../../arm-none-eabi/lib/thumb/v7e-m+fp/hard\libnosys.a(_exit.o)
                                                  c:/gnu_arm_embedded/bin/../lib/gcc/arm-none-eabi/10.3.1/../../../../arm-none-eabi/lib/thumb/v7e-m+fp/hard\libc_nano.a(lib_a-exit.o)
_fini                                             c:/gnu_arm_embedded/bin/../lib/gcc/arm-none-eabi/10.3.1/thumb/v7e-m+fp/hard/crti.o
_global_impure_ptr                                c:/gnu_arm_embedded/bin/../lib/gcc/arm-none-eabi/10.3.1/../../../../arm-none-eabi/lib/thumb/v7e-m+fp/hard\libc_nano.a(lib_a-impure.o)
                                                  c:/gnu_arm_embedded/bin/../lib/gcc/arm-none-eabi/10.3.1/../../../../arm-none-eabi/lib/thumb/v7e-m+fp/hard\libc_nano.a(lib_a-exit.o)
_impure_ptr                                       c:/gnu_arm_embedded/bin/../lib/gcc/arm-none-eabi/10.3.1/../../../../arm-none-eabi/lib/thumb/v7e-m+fp/hard\libc_nano.a(lib_a-impure.o)
_init                                             c:/gnu_arm_embedded/bin/../lib/gcc/arm-none-eabi/10.3.1/thumb/v7e-m+fp/hard/crti.o
                                                  c:/gnu_arm_embedded/bin/../lib/gcc/arm-none-eabi/10.3.1/../../../../arm-none-eabi/lib/thumb/v7e-m+fp/hard\libc_nano.a(lib_a-init.o)
_mainCRTStartup                                   c:/gnu_arm_embedded/bin/../lib/gcc/arm-none-eabi/10.3.1/../../../../arm-none-eabi/lib/thumb/v7e-m+fp/hard/crt0.o
_sbss                                             build/startup_stm32l476xx.o
_sdata                                            build/startup_stm32l476xx.o
_sidata                                           build/startup_stm32l476xx.o
_stack_init                                       c:/gnu_arm_embedded/bin/../lib/gcc/arm-none-eabi/10.3.1/../../../../arm-none-eabi/lib/thumb/v7e-m+fp/hard/crt0.o
_start                                            c:/gnu_arm_embedded/bin/../lib/gcc/arm-none-eabi/10.3.1/../../../../arm-none-eabi/lib/thumb/v7e-m+fp/hard/crt0.o
atexit                                            c:/gnu_arm_embedded/bin/../lib/gcc/arm-none-eabi/10.3.1/../../../../arm-none-eabi/lib/thumb/v7e-m+fp/hard/crt0.o
exit                                              c:/gnu_arm_embedded/bin/../lib/gcc/arm-none-eabi/10.3.1/../../../../arm-none-eabi/lib/thumb/v7e-m+fp/hard\libc_nano.a(lib_a-exit.o)
                                                  c:/gnu_arm_embedded/bin/../lib/gcc/arm-none-eabi/10.3.1/../../../../arm-none-eabi/lib/thumb/v7e-m+fp/hard/crt0.o
hardware_init_hook                                c:/gnu_arm_embedded/bin/../lib/gcc/arm-none-eabi/10.3.1/../../../../arm-none-eabi/lib/thumb/v7e-m+fp/hard/crt0.o
huart2                                            build/main.o
main                                              build/main.o
                                                  build/startup_stm32l476xx.o
                                                  c:/gnu_arm_embedded/bin/../lib/gcc/arm-none-eabi/10.3.1/../../../../arm-none-eabi/lib/thumb/v7e-m+fp/hard/crt0.o
memset                                            c:/gnu_arm_embedded/bin/../lib/gcc/arm-none-eabi/10.3.1/../../../../arm-none-eabi/lib/thumb/v7e-m+fp/hard\libc_nano.a(lib_a-memset.o)
                                                  build/stm32l4xx_hal_msp.o
                                                  build/main.o
                                                  c:/gnu_arm_embedded/bin/../lib/gcc/arm-none-eabi/10.3.1/../../../../arm-none-eabi/lib/thumb/v7e-m+fp/hard/crt0.o
message                                           build/main.o
pFlash                                            build/stm32l4xx_hal_flash.o
                                                  build/stm32l4xx_hal_flash_ex.o
software_init_hook                                c:/gnu_arm_embedded/bin/../lib/gcc/arm-none-eabi/10.3.1/../../../../arm-none-eabi/lib/thumb/v7e-m+fp/hard/crt0.o
strlen                                            c:/gnu_arm_embedded/bin/../lib/gcc/arm-none-eabi/10.3.1/../../../../arm-none-eabi/lib/thumb/v7e-m+fp/hard\libc_nano.a(lib_a-strlen.o)
                                                  build/main.o
uwTick                                            build/stm32l4xx_hal.o
uwTickFreq                                        build/stm32l4xx_hal.o
uwTickPrio                                        build/stm32l4xx_hal.o
                                                  build/stm32l4xx_hal_rcc.o
